Component: ARM Compiler 5.06 update 6 (build 750) Tool: armlink [4d35ed]

==============================================================================

Section Cross References

    startup_stm32l476xx.o(RESET) refers to startup_stm32l476xx.o(STACK) for __initial_sp
    startup_stm32l476xx.o(RESET) refers to startup_stm32l476xx.o(.text) for Reset_Handler
    startup_stm32l476xx.o(RESET) refers to smtc_hal_mcu.o(i.HardFault_Handler) for HardFault_Handler
    startup_stm32l476xx.o(RESET) refers to smtc_hal_mcu.o(i.SysTick_Handler) for SysTick_Handler
    startup_stm32l476xx.o(RESET) refers to smtc_hal_mcu.o(i.PVD_PVM_IRQHandler) for PVD_PVM_IRQHandler
    startup_stm32l476xx.o(RESET) refers to smtc_hal_rtc.o(i.RTC_WKUP_IRQHandler) for RTC_WKUP_IRQHandler
    startup_stm32l476xx.o(RESET) refers to smtc_hal_gpio.o(i.EXTI0_IRQHandler) for EXTI0_IRQHandler
    startup_stm32l476xx.o(RESET) refers to smtc_hal_gpio.o(i.EXTI1_IRQHandler) for EXTI1_IRQHandler
    startup_stm32l476xx.o(RESET) refers to smtc_hal_gpio.o(i.EXTI2_IRQHandler) for EXTI2_IRQHandler
    startup_stm32l476xx.o(RESET) refers to smtc_hal_gpio.o(i.EXTI3_IRQHandler) for EXTI3_IRQHandler
    startup_stm32l476xx.o(RESET) refers to smtc_hal_gpio.o(i.EXTI4_IRQHandler) for EXTI4_IRQHandler
    startup_stm32l476xx.o(RESET) refers to smtc_hal_gpio.o(i.EXTI9_5_IRQHandler) for EXTI9_5_IRQHandler
    startup_stm32l476xx.o(RESET) refers to smtc_hal_uart.o(i.USART1_IRQHandler) for USART1_IRQHandler
    startup_stm32l476xx.o(RESET) refers to smtc_hal_uart.o(i.USART2_IRQHandler) for USART2_IRQHandler
    startup_stm32l476xx.o(RESET) refers to smtc_hal_uart.o(i.USART3_IRQHandler) for USART3_IRQHandler
    startup_stm32l476xx.o(RESET) refers to smtc_hal_gpio.o(i.EXTI15_10_IRQHandler) for EXTI15_10_IRQHandler
    startup_stm32l476xx.o(RESET) refers to smtc_hal_rtc.o(i.RTC_Alarm_IRQHandler) for RTC_Alarm_IRQHandler
    startup_stm32l476xx.o(RESET) refers to smtc_hal_tmr.o(i.LPTIM1_IRQHandler) for LPTIM1_IRQHandler
    startup_stm32l476xx.o(.text) refers to system_stm32l4xx.o(i.SystemInit) for SystemInit
    startup_stm32l476xx.o(.text) refers to entry.o(.ARM.Collect$$$$00000000) for __main
    main_tracker.o(i._Error_Handler) refers to smtc_hal_mcu.o(i.hal_mcu_reset) for hal_mcu_reset
    main_tracker.o(i.add_payload_in_streaming_fifo) refers to lr1110_modem_lorawan.o(i.lr1110_modem_stream_status) for lr1110_modem_stream_status
    main_tracker.o(i.add_payload_in_streaming_fifo) refers to lr1110_modem_lorawan.o(i.lr1110_modem_send_stream_data) for lr1110_modem_send_stream_data
    main_tracker.o(i.add_payload_in_streaming_fifo) refers to smtc_hal_mcu.o(i.hal_mcu_trace_print) for hal_mcu_trace_print
    main_tracker.o(i.add_payload_in_streaming_fifo) refers to smtc_hal_mcu.o(.bss) for lr1110
    main_tracker.o(i.add_payload_in_streaming_fifo) refers to tracker_utility.o(.bss) for tracker_ctx
    main_tracker.o(i.build_and_stream_payload) refers to memcpya.o(.text) for __aeabi_memcpy
    main_tracker.o(i.build_and_stream_payload) refers to main_tracker.o(i.add_payload_in_streaming_fifo) for add_payload_in_streaming_fifo
    main_tracker.o(i.build_and_stream_payload) refers to tracker_utility.o(.bss) for tracker_ctx
    main_tracker.o(i.gnss_init) refers to lr1110_modem_gnss.o(i.lr1110_modem_gnss_set_assistance_position) for lr1110_modem_gnss_set_assistance_position
    main_tracker.o(i.gnss_init) refers to tracker_utility.o(.bss) for tracker_ctx
    main_tracker.o(i.gnss_init) refers to smtc_hal_mcu.o(.bss) for lr1110
    main_tracker.o(i.is_next_scan_possible) refers to tracker_utility.o(.bss) for tracker_ctx
    main_tracker.o(i.is_tracker_in_static_mode) refers to tracker_utility.o(.bss) for tracker_ctx
    main_tracker.o(i.join_network) refers to lr1110_modem_lorawan.o(i.lr1110_modem_join) for lr1110_modem_join
    main_tracker.o(i.join_network) refers to smtc_hal_mcu.o(.bss) for lr1110
    main_tracker.o(i.lorawan_init) refers to lr1110_modem_lorawan.o(i.lr1110_modem_set_class) for lr1110_modem_set_class
    main_tracker.o(i.lorawan_init) refers to lr1110_modem_lorawan.o(i.lr1110_modem_set_region) for lr1110_modem_set_region
    main_tracker.o(i.lorawan_init) refers to lr1110_modem_lorawan.o(i.lr1110_modem_activate_duty_cycle) for lr1110_modem_activate_duty_cycle
    main_tracker.o(i.lorawan_init) refers to lr1110_modem_lorawan.o(i.lr1110_modem_set_dm_info_field) for lr1110_modem_set_dm_info_field
    main_tracker.o(i.lorawan_init) refers to lr1110_modem_lorawan.o(i.lr1110_modem_set_dm_info_interval) for lr1110_modem_set_dm_info_interval
    main_tracker.o(i.lorawan_init) refers to lr1110_modem_lorawan.o(i.lr1110_modem_set_alc_sync_mode) for lr1110_modem_set_alc_sync_mode
    main_tracker.o(i.lorawan_init) refers to lr1110_modem_lorawan.o(i.lr1110_modem_stream_init) for lr1110_modem_stream_init
    main_tracker.o(i.lorawan_init) refers to smtc_hal_mcu.o(.bss) for lr1110
[...]
    __aeabi_llsr                             0x08000487   Thumb Code    32  llushr.o(.text)
    _ll_ushift_r                             0x08000487   Thumb Code     0  llushr.o(.text)
    __I$use$fp                               0x080004a7   Thumb Code     0  iusefp.o(.text)
    _double_round                            0x080004a7   Thumb Code    30  depilogue.o(.text)
    _double_epilogue                         0x080004c5   Thumb Code   156  depilogue.o(.text)
    __aeabi_dadd                             0x08000561   Thumb Code   322  dadd.o(.text)
    __aeabi_dsub                             0x080006a3   Thumb Code     6  dadd.o(.text)
    __aeabi_drsub                            0x080006a9   Thumb Code     6  dadd.o(.text)
    __aeabi_dmul                             0x080006bf   Thumb Code   228  dmul.o(.text)
    __aeabi_d2ulz                            0x080007a9   Thumb Code    48  dfixul.o(.text)
    __aeabi_cdrcmple                         0x080007d9   Thumb Code    48  cdrcmple.o(.text)
    __scatterload                            0x08000809   Thumb Code    28  init.o(.text)
    __scatterload_rt2                        0x08000809   Thumb Code     0  init.o(.text)
    __aeabi_lasr                             0x0800082d   Thumb Code    36  llsshr.o(.text)
    _ll_sshift_r                             0x0800082d   Thumb Code     0  llsshr.o(.text)
    __decompress                             0x08000851   Thumb Code     0  __dczerorl2.o(.text)
    __decompress1                            0x08000851   Thumb Code    86  __dczerorl2.o(.text)
    EXTI0_IRQHandler                         0x080008a7   Thumb Code    10  smtc_hal_gpio.o(i.EXTI0_IRQHandler)
    EXTI15_10_IRQHandler                     0x080008b1   Thumb Code    52  smtc_hal_gpio.o(i.EXTI15_10_IRQHandler)
    EXTI1_IRQHandler                         0x080008e5   Thumb Code    10  smtc_hal_gpio.o(i.EXTI1_IRQHandler)
    EXTI2_IRQHandler                         0x080008ef   Thumb Code    10  smtc_hal_gpio.o(i.EXTI2_IRQHandler)
    EXTI3_IRQHandler                         0x080008f9   Thumb Code    10  smtc_hal_gpio.o(i.EXTI3_IRQHandler)
    EXTI4_IRQHandler                         0x08000903   Thumb Code    10  smtc_hal_gpio.o(i.EXTI4_IRQHandler)
    EXTI9_5_IRQHandler                       0x0800090d   Thumb Code    38  smtc_hal_gpio.o(i.EXTI9_5_IRQHandler)
    HAL_DBGMCU_DisableDBGSleepMode           0x08000935   Thumb Code    14  stm32l4xx_hal.o(i.HAL_DBGMCU_DisableDBGSleepMode)
    HAL_DBGMCU_DisableDBGStandbyMode         0x08000949   Thumb Code    14  stm32l4xx_hal.o(i.HAL_DBGMCU_DisableDBGStandbyMode)
    HAL_DBGMCU_DisableDBGStopMode            0x0800095d   Thumb Code    14  stm32l4xx_hal.o(i.HAL_DBGMCU_DisableDBGStopMode)
    HAL_DMA_Abort_IT                         0x08000971   Thumb Code    92  stm32l4xx_hal_dma.o(i.HAL_DMA_Abort_IT)
    HAL_Delay                                0x080009cd   Thumb Code    36  stm32l4xx_hal.o(i.HAL_Delay)
    HAL_GPIO_DeInit                          0x080009f5   Thumb Code   292  stm32l4xx_hal_gpio.o(i.HAL_GPIO_DeInit)
    HAL_GPIO_EXTI_Callback                   0x08000b39   Thumb Code    60  smtc_hal_gpio.o(i.HAL_GPIO_EXTI_Callback)
    HAL_GPIO_EXTI_IRQHandler                 0x08000b79   Thumb Code    24  stm32l4xx_hal_gpio.o(i.HAL_GPIO_EXTI_IRQHandler)
    HAL_GPIO_Init                            0x08000b95   Thumb Code   480  stm32l4xx_hal_gpio.o(i.HAL_GPIO_Init)
    HAL_GPIO_ReadPin                         0x08000d99   Thumb Code    16  stm32l4xx_hal_gpio.o(i.HAL_GPIO_ReadPin)
    HAL_GPIO_WritePin                        0x08000da9   Thumb Code    10  stm32l4xx_hal_gpio.o(i.HAL_GPIO_WritePin)
    HAL_GetTick                              0x08000db5   Thumb Code     6  stm32l4xx_hal.o(i.HAL_GetTick)
    HAL_I2CEx_ConfigAnalogFilter             0x08000dc1   Thumb Code   106  stm32l4xx_hal_i2c_ex.o(i.HAL_I2CEx_ConfigAnalogFilter)
    HAL_I2CEx_ConfigDigitalFilter            0x08000e2b   Thumb Code   104  stm32l4xx_hal_i2c_ex.o(i.HAL_I2CEx_ConfigDigitalFilter)
    HAL_I2C_DeInit                           0x08000e93   Thumb Code    60  stm32l4xx_hal_i2c.o(i.HAL_I2C_DeInit)
    HAL_I2C_Init                             0x08000ed1   Thumb Code   192  stm32l4xx_hal_i2c.o(i.HAL_I2C_Init)
    HAL_I2C_Mem_Read                         0x08000f95   Thumb Code   408  stm32l4xx_hal_i2c.o(i.HAL_I2C_Mem_Read)
    HAL_I2C_Mem_Write                        0x0800113d   Thumb Code   402  stm32l4xx_hal_i2c.o(i.HAL_I2C_Mem_Write)
    HAL_I2C_MspDeInit                        0x080012dd   Thumb Code   196  smtc_hal_i2c.o(i.HAL_I2C_MspDeInit)
    HAL_I2C_MspInit                          0x080013a9   Thumb Code   344  smtc_hal_i2c.o(i.HAL_I2C_MspInit)
    HAL_IncTick                              0x0800150d   Thumb Code    16  stm32l4xx_hal.o(i.HAL_IncTick)
    HAL_Init                                 0x08001525   Thumb Code    30  stm32l4xx_hal.o(i.HAL_Init)
    HAL_InitTick                             0x08001545   Thumb Code    74  stm32l4xx_hal.o(i.HAL_InitTick)
    HAL_LPTIM_AutoReloadMatchCallback        0x0800159d   Thumb Code     2  stm32l4xx_hal_lptim.o(i.HAL_LPTIM_AutoReloadMatchCallback)
    HAL_LPTIM_AutoReloadWriteCallback        0x0800159f   Thumb Code     2  stm32l4xx_hal_lptim.o(i.HAL_LPTIM_AutoReloadWriteCallback)
    HAL_LPTIM_CompareMatchCallback           0x080015a1   Thumb Code     2  stm32l4xx_hal_lptim.o(i.HAL_LPTIM_CompareMatchCallback)
    HAL_LPTIM_CompareWriteCallback           0x080015a3   Thumb Code     2  stm32l4xx_hal_lptim.o(i.HAL_LPTIM_CompareWriteCallback)
    HAL_LPTIM_DirectionDownCallback          0x080015a5   Thumb Code     2  stm32l4xx_hal_lptim.o(i.HAL_LPTIM_DirectionDownCallback)
    HAL_LPTIM_DirectionUpCallback            0x080015a7   Thumb Code     2  stm32l4xx_hal_lptim.o(i.HAL_LPTIM_DirectionUpCallback)
    HAL_LPTIM_IRQHandler                     0x080015a9   Thumb Code   230  stm32l4xx_hal_lptim.o(i.HAL_LPTIM_IRQHandler)
    HAL_LPTIM_Init                           0x08001691   Thumb Code   200  stm32l4xx_hal_lptim.o(i.HAL_LPTIM_Init)
    HAL_LPTIM_MspInit                        0x08001761   Thumb Code    58  smtc_hal_tmr.o(i.HAL_LPTIM_MspInit)
    HAL_LPTIM_TimeOut_Stop                   0x080017a5   Thumb Code    38  stm32l4xx_hal_lptim.o(i.HAL_LPTIM_TimeOut_Stop)
    HAL_LPTIM_TriggerCallback                0x080017cb   Thumb Code     2  stm32l4xx_hal_lptim.o(i.HAL_LPTIM_TriggerCallback)
    HAL_MspInit                              0x080017cd   Thumb Code   140  smtc_hal_mcu.o(i.HAL_MspInit)
    HAL_NVIC_EnableIRQ                       0x0800185d   Thumb Code    32  stm32l4xx_hal_cortex.o(i.HAL_NVIC_EnableIRQ)
    HAL_NVIC_SetPriority                     0x0800187d   Thumb Code   124  stm32l4xx_hal_cortex.o(i.HAL_NVIC_SetPriority)
    HAL_NVIC_SetPriorityGrouping             0x08001901   Thumb Code    32  stm32l4xx_hal_cortex.o(i.HAL_NVIC_SetPriorityGrouping)
    HAL_PWREx_EnterSTOP2Mode                 0x08001929   Thumb Code    54  stm32l4xx_hal_pwr_ex.o(i.HAL_PWREx_EnterSTOP2Mode)
    HAL_PWREx_GetVoltageRange                0x08001969   Thumb Code    10  stm32l4xx_hal_pwr_ex.o(i.HAL_PWREx_GetVoltageRange)
    HAL_PWR_ConfigPVD                        0x08001979   Thumb Code   176  stm32l4xx_hal_pwr.o(i.HAL_PWR_ConfigPVD)
    HAL_PWR_EnablePVD                        0x08001a31   Thumb Code    14  stm32l4xx_hal_pwr.o(i.HAL_PWR_EnablePVD)
    HAL_RCCEx_PeriphCLKConfig                0x08001a45   Thumb Code  1230  stm32l4xx_hal_rcc_ex.o(i.HAL_RCCEx_PeriphCLKConfig)
    HAL_RCC_ClockConfig                      0x08001f19   Thumb Code   360  stm32l4xx_hal_rcc.o(i.HAL_RCC_ClockConfig)
    HAL_RCC_GetHCLKFreq                      0x08002095   Thumb Code     6  stm32l4xx_hal_rcc.o(i.HAL_RCC_GetHCLKFreq)
    HAL_RCC_GetPCLK1Freq                     0x080020a1   Thumb Code    26  stm32l4xx_hal_rcc.o(i.HAL_RCC_GetPCLK1Freq)
    HAL_RCC_GetPCLK2Freq                     0x080020c5   Thumb Code    26  stm32l4xx_hal_rcc.o(i.HAL_RCC_GetPCLK2Freq)
    HAL_RCC_GetSysClockFreq                  0x080020e9   Thumb Code   220  stm32l4xx_hal_rcc.o(i.HAL_RCC_GetSysClockFreq)
    HAL_RCC_OscConfig                        0x080021d5   Thumb Code  1660  stm32l4xx_hal_rcc.o(i.HAL_RCC_OscConfig)
    HAL_RTCEx_EnableBypassShadow             0x08002861   Thumb Code    88  stm32l4xx_hal_rtc_ex.o(i.HAL_RTCEx_EnableBypassShadow)
    HAL_RTCEx_WakeUpTimerEventCallback       0x080028b9   Thumb Code     2  stm32l4xx_hal_rtc_ex.o(i.HAL_RTCEx_WakeUpTimerEventCallback)
    HAL_RTCEx_WakeUpTimerIRQHandler          0x080028bd   Thumb Code    52  stm32l4xx_hal_rtc_ex.o(i.HAL_RTCEx_WakeUpTimerIRQHandler)
    HAL_RTC_AlarmAEventCallback              0x080028f5   Thumb Code    10  smtc_hal_rtc.o(i.HAL_RTC_AlarmAEventCallback)
    HAL_RTC_DeactivateAlarm                  0x080028ff   Thumb Code   262  stm32l4xx_hal_rtc.o(i.HAL_RTC_DeactivateAlarm)
    HAL_RTC_GetDate                          0x08002a05   Thumb Code    70  stm32l4xx_hal_rtc.o(i.HAL_RTC_GetDate)
    HAL_RTC_GetTime                          0x08002a51   Thumb Code    86  stm32l4xx_hal_rtc.o(i.HAL_RTC_GetTime)
    HAL_RTC_Init                             0x08002aad   Thumb Code   174  stm32l4xx_hal_rtc.o(i.HAL_RTC_Init)
    HAL_RTC_MspInit                          0x08002b61   Thumb Code    38  smtc_hal_rtc.o(i.HAL_RTC_MspInit)
    HAL_RTC_SetAlarm_IT                      0x08002b8d   Thumb Code   530  stm32l4xx_hal_rtc.o(i.HAL_RTC_SetAlarm_IT)
    HAL_RTC_SetDate                          0x08002da5   Thumb Code   198  stm32l4xx_hal_rtc.o(i.HAL_RTC_SetDate)
    HAL_RTC_SetTime                          0x08002e71   Thumb Code   244  stm32l4xx_hal_rtc.o(i.HAL_RTC_SetTime)
    HAL_RTC_WaitForSynchro                   0x08002f69   Thumb Code    56  stm32l4xx_hal_rtc.o(i.HAL_RTC_WaitForSynchro)
    HAL_SPI_DeInit                           0x08002fa1   Thumb Code    54  stm32l4xx_hal_spi.o(i.HAL_SPI_DeInit)
    HAL_SPI_Init                             0x08002fd7   Thumb Code   192  stm32l4xx_hal_spi.o(i.HAL_SPI_Init)
    HAL_SPI_MspDeInit                        0x08003099   Thumb Code   164  smtc_hal_spi.o(i.HAL_SPI_MspDeInit)
    HAL_SPI_MspInit                          0x08003145   Thumb Code   264  smtc_hal_spi.o(i.HAL_SPI_MspInit)
    HAL_SYSTICK_CLKSourceConfig              0x08003259   Thumb Code    40  stm32l4xx_hal_cortex.o(i.HAL_SYSTICK_CLKSourceConfig)
    HAL_SYSTICK_Callback                     0x08003281   Thumb Code     2  stm32l4xx_hal_cortex.o(i.HAL_SYSTICK_Callback)
    HAL_SYSTICK_Config                       0x08003283   Thumb Code    52  stm32l4xx_hal_cortex.o(i.HAL_SYSTICK_Config)
    HAL_SYSTICK_IRQHandler                   0x080032b7   Thumb Code     8  stm32l4xx_hal_cortex.o(i.HAL_SYSTICK_IRQHandler)
    HAL_UARTEx_WakeupCallback                0x080032bf   Thumb Code     2  stm32l4xx_hal_uart_ex.o(i.HAL_UARTEx_WakeupCallback)
    HAL_UART_DeInit                          0x080032c1   Thumb Code    66  stm32l4xx_hal_uart.o(i.HAL_UART_DeInit)
    HAL_UART_ErrorCallback                   0x08003303   Thumb Code     2  stm32l4xx_hal_uart.o(i.HAL_UART_ErrorCallback)
    HAL_UART_IRQHandler                      0x08003305   Thumb Code   394  stm32l4xx_hal_uart.o(i.HAL_UART_IRQHandler)
    HAL_UART_Init                            0x08003495   Thumb Code   116  stm32l4xx_hal_uart.o(i.HAL_UART_Init)
    HAL_UART_MspDeInit                       0x08003509   Thumb Code   170  smtc_hal_uart.o(i.HAL_UART_MspDeInit)
    HAL_UART_MspInit                         0x080035bd   Thumb Code   394  smtc_hal_uart.o(i.HAL_UART_MspInit)
    HAL_UART_Transmit                        0x08003755   Thumb Code   208  stm32l4xx_hal_uart.o(i.HAL_UART_Transmit)
    HAL_UART_TxCpltCallback                  0x0800382b   Thumb Code     2  stm32l4xx_hal_uart.o(i.HAL_UART_TxCpltCallback)
    HardFault_Handler                        0x0800382d   Thumb Code    32  smtc_hal_mcu.o(i.HardFault_Handler)
    LPTIM1_IRQHandler                        0x08003b75   Thumb Code    30  smtc_hal_tmr.o(i.LPTIM1_IRQHandler)
    LPTIM_Disable                            0x08003b9d   Thumb Code   434  stm32l4xx_hal_lptim.o(i.LPTIM_Disable)
    PVD_PVM_IRQHandler                       0x08003d61   Thumb Code    46  smtc_hal_mcu.o(i.PVD_PVM_IRQHandler)
    RTC_Alarm_IRQHandler                     0x08004151   Thumb Code    56  smtc_hal_rtc.o(i.RTC_Alarm_IRQHandler)
    RTC_Bcd2ToByte                           0x08004191   Thumb Code    20  stm32l4xx_hal_rtc.o(i.RTC_Bcd2ToByte)
    RTC_ByteToBcd2                           0x080041a5   Thumb Code    28  stm32l4xx_hal_rtc.o(i.RTC_ByteToBcd2)
    RTC_EnterInitMode                        0x080041c1   Thumb Code    68  stm32l4xx_hal_rtc.o(i.RTC_EnterInitMode)
    RTC_ExitInitMode                         0x08004205   Thumb Code    98  stm32l4xx_hal_rtc.o(i.RTC_ExitInitMode)
    RTC_WKUP_IRQHandler                      0x0800426d   Thumb Code    10  smtc_hal_rtc.o(i.RTC_WKUP_IRQHandler)
    SysTick_Handler                          0x0800427d   Thumb Code    12  smtc_hal_mcu.o(i.SysTick_Handler)
    SystemInit                               0x08004289   Thumb Code    68  system_stm32l4xx.o(i.SystemInit)
    UART_AdvFeatureConfig                    0x080042d9   Thumb Code   248  stm32l4xx_hal_uart.o(i.UART_AdvFeatureConfig)
    UART_CheckIdleState                      0x080043d1   Thumb Code   110  stm32l4xx_hal_uart.o(i.UART_CheckIdleState)
    UART_SetConfig                           0x08004499   Thumb Code  1150  stm32l4xx_hal_uart.o(i.UART_SetConfig)
    UART_WaitOnFlagUntilTimeout              0x08004923   Thumb Code   104  stm32l4xx_hal_uart.o(i.UART_WaitOnFlagUntilTimeout)
    USART1_IRQHandler                        0x0800498d   Thumb Code    10  smtc_hal_uart.o(i.USART1_IRQHandler)
    USART2_IRQHandler                        0x0800499d   Thumb Code    10  smtc_hal_uart.o(i.USART2_IRQHandler)
    USART3_IRQHandler                        0x080049ad   Thumb Code    10  smtc_hal_uart.o(i.USART3_IRQHandler)
    __0vsprintf                              0x080049bd   Thumb Code    30  printfa.o(i.__0vsprintf)
    __1vsprintf                              0x080049bd   Thumb Code     0  printfa.o(i.__0vsprintf)
    __2vsprintf                              0x080049bd   Thumb Code     0  printfa.o(i.__0vsprintf)
    __c89vsprintf                            0x080049bd   Thumb Code     0  printfa.o(i.__0vsprintf)
    vsprintf                                 0x080049bd   Thumb Code     0  printfa.o(i.__0vsprintf)
    __scatterload_copy                       0x08004a19   Thumb Code    14  handlers.o(i.__scatterload_copy)
    __scatterload_null                       0x08004a27   Thumb Code     2  handlers.o(i.__scatterload_null)
    __scatterload_zeroinit                   0x08004a29   Thumb Code    14  handlers.o(i.__scatterload_zeroinit)
    acc_get_raw_x                            0x08005305   Thumb Code    18  lis2de12.o(i.acc_get_raw_x)
    acc_get_raw_y                            0x0800531d   Thumb Code    18  lis2de12.o(i.acc_get_raw_y)
    acc_get_raw_z                            0x08005335   Thumb Code    18  lis2de12.o(i.acc_get_raw_z)
    acc_get_temperature                      0x0800534d   Thumb Code    26  lis2de12.o(i.acc_get_temperature)
    acc_read_raw_data                        0x08005369   Thumb Code   108  lis2de12.o(i.acc_read_raw_data)
    accelerometer_init                       0x080053dd   Thumb Code   310  lis2de12.o(i.accelerometer_init)
    external_supply_deinit                   0x080058e9   Thumb Code    18  external_supply.o(i.external_supply_deinit)
    external_supply_init                     0x080058fb   Thumb Code    20  external_supply.o(i.external_supply_init)
    get_accelerometer_irq1_state             0x08005911   Thumb Code     6  lis2de12.o(i.get_accelerometer_irq1_state)
    gnss_scan_execute                        0x08005975   Thumb Code   244  gnss_scan.o(i.gnss_scan_execute)
    gnss_scan_init                           0x08005a79   Thumb Code    58  gnss_scan.o(i.gnss_scan_init)
    gnss_scan_set_type                       0x08005ac1   Thumb Code    20  gnss_scan.o(i.gnss_scan_set_type)
    hal_gpio_deinit                          0x08005ad9   Thumb Code    34  smtc_hal_gpio.o(i.hal_gpio_deinit)
    hal_gpio_get_value                       0x08005b01   Thumb Code    42  smtc_hal_gpio.o(i.hal_gpio_get_value)
    hal_gpio_init_in                         0x08005d29   Thumb Code    80  smtc_hal_gpio.o(i.hal_gpio_init_in)
    hal_gpio_init_out                        0x08005d7d   Thumb Code    44  smtc_hal_gpio.o(i.hal_gpio_init_out)
    hal_gpio_irq_attach                      0x08005dad   Thumb Code    20  smtc_hal_gpio.o(i.hal_gpio_irq_attach)
    hal_gpio_set_value                       0x08005dc5   Thumb Code    46  smtc_hal_gpio.o(i.hal_gpio_set_value)
    hal_i2c_deinit                           0x08005df5   Thumb Code    28  smtc_hal_i2c.o(i.hal_i2c_deinit)
    hal_i2c_init                             0x08005e15   Thumb Code   280  smtc_hal_i2c.o(i.hal_i2c_init)
    hal_i2c_read_buffer                      0x08005f35   Thumb Code    36  smtc_hal_i2c.o(i.hal_i2c_read_buffer)
    hal_i2c_write_buffer                     0x08005f59   Thumb Code    60  smtc_hal_i2c.o(i.hal_i2c_write_buffer)
    hal_mcu_critical_section_begin           0x08005f95   Thumb Code    12  smtc_hal_mcu.o(i.hal_mcu_critical_section_begin)
    hal_mcu_critical_section_end             0x08005fa1   Thumb Code    10  smtc_hal_mcu.o(i.hal_mcu_critical_section_end)
    hal_mcu_init                             0x080060bd   Thumb Code    72  smtc_hal_mcu.o(i.hal_mcu_init)
    hal_mcu_init_periph                      0x08006109   Thumb Code    20  smtc_hal_mcu.o(i.hal_mcu_init_periph)
    hal_mcu_init_software_watchdog           0x0800611d   Thumb Code    28  smtc_hal_mcu.o(i.hal_mcu_init_software_watchdog)
    hal_mcu_low_power_handler                0x08006141   Thumb Code    16  smtc_hal_mcu.o(i.hal_mcu_low_power_handler)
    hal_mcu_panic                            0x080061a5   Thumb Code    70  smtc_hal_mcu.o(i.hal_mcu_panic)
    hal_mcu_partial_sleep_enable             0x08006215   Thumb Code     6  smtc_hal_mcu.o(i.hal_mcu_partial_sleep_enable)
    hal_mcu_reset                            0x08006291   Thumb Code    62  smtc_hal_mcu.o(i.hal_mcu_reset)
    hal_mcu_reset_software_watchdog          0x080062d9   Thumb Code    10  smtc_hal_mcu.o(i.hal_mcu_reset_software_watchdog)
    hal_mcu_trace_print                      0x080064a1   Thumb Code    26  smtc_hal_mcu.o(i.hal_mcu_trace_print)
    hal_rtc_get_minimum_timeout              0x080064e9   Thumb Code     4  smtc_hal_rtc.o(i.hal_rtc_get_minimum_timeout)
    hal_rtc_get_time_ms                      0x080064ed   Thumb Code    34  smtc_hal_rtc.o(i.hal_rtc_get_time_ms)
    hal_rtc_get_time_ref_in_ticks            0x08006511   Thumb Code     6  smtc_hal_rtc.o(i.hal_rtc_get_time_ref_in_ticks)
    hal_rtc_get_timer_elapsed_value          0x0800651d   Thumb Code    24  smtc_hal_rtc.o(i.hal_rtc_get_timer_elapsed_value)
    hal_rtc_init                             0x08006539   Thumb Code   166  smtc_hal_rtc.o(i.hal_rtc_init)
    hal_rtc_ms_2_tick                        0x080065ed   Thumb Code    24  smtc_hal_rtc.o(i.hal_rtc_ms_2_tick)
    hal_rtc_set_time_ref_in_ticks            0x08006605   Thumb Code    24  smtc_hal_rtc.o(i.hal_rtc_set_time_ref_in_ticks)
    hal_rtc_start_alarm                      0x08006621   Thumb Code   362  smtc_hal_rtc.o(i.hal_rtc_start_alarm)
    hal_rtc_stop_alarm                       0x080067a1   Thumb Code    42  smtc_hal_rtc.o(i.hal_rtc_stop_alarm)
    hal_rtc_tick_2_ms                        0x080067d5   Thumb Code    30  smtc_hal_rtc.o(i.hal_rtc_tick_2_ms)
    hal_spi_deinit                           0x080067f5   Thumb Code    24  smtc_hal_spi.o(i.hal_spi_deinit)
    hal_spi_in_out                           0x08006811   Thumb Code    98  smtc_hal_spi.o(i.hal_spi_in_out)
    hal_spi_init                             0x08006879   Thumb Code   264  smtc_hal_spi.o(i.hal_spi_init)
    hal_tmr_init                             0x08006985   Thumb Code    60  smtc_hal_tmr.o(i.hal_tmr_init)
    hal_uart_deinit                          0x080069cd   Thumb Code    24  smtc_hal_uart.o(i.hal_uart_deinit)
    hal_uart_init                            0x080069e9   Thumb Code   216  smtc_hal_uart.o(i.hal_uart_init)
    hal_uart_tx                              0x08006ac5   Thumb Code    40  smtc_hal_uart.o(i.hal_uart_tx)
    is_accelerometer_detected_moved          0x08006cad   Thumb Code    52  lis2de12.o(i.is_accelerometer_detected_moved)
    leds_blink                               0x08006d45   Thumb Code    62  leds.o(i.leds_blink)
    leds_deinit                              0x08006d83   Thumb Code    16  leds.o(i.leds_deinit)
    leds_init                                0x08006d93   Thumb Code    20  leds.o(i.leds_init)
    leds_off                                 0x08006da7   Thumb Code    34  leds.o(i.leds_off)
    leds_on                                  0x08006dc9   Thumb Code    34  leds.o(i.leds_on)
    lis2de12_acceleration_raw_get            0x08006deb   Thumb Code    20  lis2de12.o(i.lis2de12_acceleration_raw_get)
    lis2de12_acceleration_raw_get_x          0x08006dff   Thumb Code    20  lis2de12.o(i.lis2de12_acceleration_raw_get_x)
    lis2de12_acceleration_raw_get_y          0x08006e13   Thumb Code    20  lis2de12.o(i.lis2de12_acceleration_raw_get_y)
    lis2de12_acceleration_raw_get_z          0x08006e27   Thumb Code    20  lis2de12.o(i.lis2de12_acceleration_raw_get_z)
    lis2de12_block_data_update_set           0x08006e3b   Thumb Code    52  lis2de12.o(i.lis2de12_block_data_update_set)
    lis2de12_data_rate_set                   0x08006e6f   Thumb Code    56  lis2de12.o(i.lis2de12_data_rate_set)
    lis2de12_device_id_get                   0x08006ea7   Thumb Code    20  lis2de12.o(i.lis2de12_device_id_get)
    lis2de12_fifo_mode_set                   0x08006ebb   Thumb Code    44  lis2de12.o(i.lis2de12_fifo_mode_set)
    lis2de12_from_fs2_to_mg                  0x08006ee9   Thumb Code    26  lis2de12.o(i.lis2de12_from_fs2_to_mg)
    lis2de12_full_scale_set                  0x08006f09   Thumb Code    44  lis2de12.o(i.lis2de12_full_scale_set)
    lis2de12_high_pass_int_conf_set          0x08006f35   Thumb Code    44  lis2de12.o(i.lis2de12_high_pass_int_conf_set)
    lis2de12_int1_gen_conf_set               0x08006f61   Thumb Code    20  lis2de12.o(i.lis2de12_int1_gen_conf_set)
    lis2de12_int1_gen_duration_set           0x08006f75   Thumb Code    44  lis2de12.o(i.lis2de12_int1_gen_duration_set)
    lis2de12_int1_gen_source_get             0x08006fa1   Thumb Code    20  lis2de12.o(i.lis2de12_int1_gen_source_get)
    lis2de12_int1_gen_threshold_set          0x08006fb5   Thumb Code    44  lis2de12.o(i.lis2de12_int1_gen_threshold_set)
    lis2de12_int1_irq_handler                0x08006fe1   Thumb Code     8  lis2de12.o(i.lis2de12_int1_irq_handler)
    lis2de12_int1_pin_notification_mode_set  0x08006fed   Thumb Code    44  lis2de12.o(i.lis2de12_int1_pin_notification_mode_set)
    lis2de12_pin_int1_config_set             0x08007019   Thumb Code    20  lis2de12.o(i.lis2de12_pin_int1_config_set)
    lis2de12_read_reg                        0x0800702d   Thumb Code    34  lis2de12.o(i.lis2de12_read_reg)
    lis2de12_temp_data_ready_get             0x0800704f   Thumb Code    30  lis2de12.o(i.lis2de12_temp_data_ready_get)
    lis2de12_temperature_meas_set            0x0800706d   Thumb Code    44  lis2de12.o(i.lis2de12_temperature_meas_set)
    lis2de12_temperature_raw_get             0x08007099   Thumb Code    50  lis2de12.o(i.lis2de12_temperature_raw_get)
    lis2de12_write_reg                       0x080070cb   Thumb Code    34  lis2de12.o(i.lis2de12_write_reg)
    lis2de12_xl_data_ready_get               0x080070ed   Thumb Code    30  lis2de12.o(i.lis2de12_xl_data_ready_get)
    lna_off                                  0x0800710b   Thumb Code    12  external_supply.o(i.lna_off)
    lna_on                                   0x08007117   Thumb Code    12  external_supply.o(i.lna_on)
    lr1110_modem_activate_duty_cycle         0x08007195   Thumb Code    40  lr1110_modem_lorawan.o(i.lr1110_modem_activate_duty_cycle)
    lr1110_modem_board_deinit_io             0x080072bd   Thumb Code    84  lr1110-modem-board.o(i.lr1110_modem_board_deinit_io)
    lr1110_modem_board_get_systime_from_gps  0x08007311   Thumb Code    20  lr1110-modem-board.o(i.lr1110_modem_board_get_systime_from_gps)
    lr1110_modem_board_get_tcxo_wakeup_time  0x08007329   Thumb Code     6  lr1110-modem-board.o(i.lr1110_modem_board_get_tcxo_wakeup_time)
    lr1110_modem_board_init                  0x0800732f   Thumb Code   112  lr1110-modem-board.o(i.lr1110_modem_board_init)
    lr1110_modem_board_init_io               0x0800739f   Thumb Code    56  lr1110-modem-board.o(i.lr1110_modem_board_init_io)
    lr1110_modem_board_init_io_context       0x080073d9   Thumb Code    48  lr1110-modem-board.o(i.lr1110_modem_board_init_io_context)
    lr1110_modem_board_is_ready              0x08007455   Thumb Code     6  lr1110-modem-board.o(i.lr1110_modem_board_is_ready)
    lr1110_modem_board_lna_off               0x08007461   Thumb Code     8  lr1110-modem-board.o(i.lr1110_modem_board_lna_off)
    lr1110_modem_board_lna_on                0x08007469   Thumb Code     8  lr1110-modem-board.o(i.lr1110_modem_board_lna_on)
    lr1110_modem_board_read_event_line       0x08007471   Thumb Code    22  lr1110-modem-board.o(i.lr1110_modem_board_read_event_line)
    lr1110_modem_board_set_ready             0x08007489   Thumb Code     6  lr1110-modem-board.o(i.lr1110_modem_board_set_ready)
    lr1110_modem_derive_keys                 0x080074cd   Thumb Code    34  lr1110_modem_lorawan.o(i.lr1110_modem_derive_keys)
    lr1110_modem_event_process               0x08007639   Thumb Code   680  lr1110.o(i.lr1110_modem_event_process)
    lr1110_modem_extract_channel_from_info_byte 0x080078e5   Thumb Code     8  lr1110_modem_wifi.o(i.lr1110_modem_extract_channel_from_info_byte)
    lr1110_modem_extract_signal_type_from_data_rate_info 0x080078ed   Thumb Code     8  lr1110_modem_wifi.o(i.lr1110_modem_extract_signal_type_from_data_rate_info)
    lr1110_modem_get_adr_profile             0x080078f5   Thumb Code    36  lr1110_modem_lorawan.o(i.lr1110_modem_get_adr_profile)
    lr1110_modem_get_charge                  0x08007919   Thumb Code    74  lr1110_modem_lorawan.o(i.lr1110_modem_get_charge)
    lr1110_modem_get_chip_eui                0x08007963   Thumb Code    66  lr1110_modem_lorawan.o(i.lr1110_modem_get_chip_eui)
    lr1110_modem_get_dev_eui                 0x080079a5   Thumb Code    66  lr1110_modem_lorawan.o(i.lr1110_modem_get_dev_eui)
    lr1110_modem_get_event                   0x080079e7   Thumb Code   104  lr1110_modem_lorawan.o(i.lr1110_modem_get_event)
    lr1110_modem_get_event_size              0x08007a4f   Thumb Code    58  lr1110_modem_lorawan.o(i.lr1110_modem_get_event_size)
    lr1110_modem_get_gps_time                0x08007a89   Thumb Code    74  lr1110_modem_lorawan.o(i.lr1110_modem_get_gps_time)
    lr1110_modem_get_join_eui                0x08007ad3   Thumb Code    66  lr1110_modem_lorawan.o(i.lr1110_modem_get_join_eui)
    lr1110_modem_get_pin                     0x08007b15   Thumb Code    74  lr1110_modem_lorawan.o(i.lr1110_modem_get_pin)
    lr1110_modem_get_status                  0x08007b5f   Thumb Code    36  lr1110_modem_lorawan.o(i.lr1110_modem_get_status)
    lr1110_modem_get_version                 0x08007b83   Thumb Code   124  lr1110_modem_lorawan.o(i.lr1110_modem_get_version)
    lr1110_modem_gnss_get_detected_satellites 0x08007bff   Thumb Code   114  lr1110_modem_gnss.o(i.lr1110_modem_gnss_get_detected_satellites)
    lr1110_modem_gnss_get_nb_detected_satellites 0x08007c71   Thumb Code    40  lr1110_modem_gnss.o(i.lr1110_modem_gnss_get_nb_detected_satellites)
    lr1110_modem_gnss_push_solver_msg        0x08007c99   Thumb Code    36  lr1110_modem_gnss.o(i.lr1110_modem_gnss_push_solver_msg)
    lr1110_modem_gnss_scan_assisted_md       0x08007cbd   Thumb Code    52  lr1110_modem_gnss.o(i.lr1110_modem_gnss_scan_assisted_md)
    lr1110_modem_gnss_scan_autonomous_md     0x08007cf1   Thumb Code    52  lr1110_modem_gnss.o(i.lr1110_modem_gnss_scan_autonomous_md)
    lr1110_modem_gnss_scan_done              0x08007d25   Thumb Code    34  gnss_scan.o(i.lr1110_modem_gnss_scan_done)
    lr1110_modem_gnss_set_assistance_position 0x08007d4d   Thumb Code   120  lr1110_modem_gnss.o(i.lr1110_modem_gnss_set_assistance_position)
    lr1110_modem_gnss_set_constellations_to_use 0x08007dd1   Thumb Code    38  lr1110_modem_gnss.o(i.lr1110_modem_gnss_set_constellations_to_use)
    lr1110_modem_hal_read                    0x08007df7   Thumb Code   258  lr1110_modem_hal.o(i.lr1110_modem_hal_read)
    lr1110_modem_hal_reset                   0x08007f01   Thumb Code   102  lr1110_modem_hal.o(i.lr1110_modem_hal_reset)
    lr1110_modem_hal_wakeup                  0x08007fdd   Thumb Code    48  lr1110_modem_hal.o(i.lr1110_modem_hal_wakeup)
    lr1110_modem_hal_write                   0x0800800d   Thumb Code   298  lr1110_modem_hal.o(i.lr1110_modem_hal_write)
    lr1110_modem_join                        0x08008157   Thumb Code    34  lr1110_modem_lorawan.o(i.lr1110_modem_join)
    lr1110_modem_send_stream_data            0x080083e9   Thumb Code    46  lr1110_modem_lorawan.o(i.lr1110_modem_send_stream_data)
    lr1110_modem_set_adr_profile             0x08008417   Thumb Code    52  lr1110_modem_lorawan.o(i.lr1110_modem_set_adr_profile)
    lr1110_modem_set_alarm_timer             0x0800844b   Thumb Code    60  lr1110_modem_lorawan.o(i.lr1110_modem_set_alarm_timer)
    lr1110_modem_set_alc_sync_mode           0x08008487   Thumb Code    40  lr1110_modem_lorawan.o(i.lr1110_modem_set_alc_sync_mode)
    lr1110_modem_set_class                   0x080084af   Thumb Code    40  lr1110_modem_lorawan.o(i.lr1110_modem_set_class)
    lr1110_modem_set_dev_eui                 0x080084d9   Thumb Code    58  lr1110_modem_lorawan.o(i.lr1110_modem_set_dev_eui)
    lr1110_modem_set_dm_info_field           0x08008513   Thumb Code    66  lr1110_modem_lorawan.o(i.lr1110_modem_set_dm_info_field)
    lr1110_modem_set_dm_info_interval        0x08008555   Thumb Code    50  lr1110_modem_lorawan.o(i.lr1110_modem_set_dm_info_interval)
    lr1110_modem_set_join_eui                0x08008587   Thumb Code    58  lr1110_modem_lorawan.o(i.lr1110_modem_set_join_eui)
    lr1110_modem_set_region                  0x080085c1   Thumb Code    40  lr1110_modem_lorawan.o(i.lr1110_modem_set_region)
    lr1110_modem_set_rf_output               0x080085e9   Thumb Code    40  lr1110_modem_lorawan.o(i.lr1110_modem_set_rf_output)
    lr1110_modem_stream_init                 0x08008695   Thumb Code    46  lr1110_modem_lorawan.o(i.lr1110_modem_stream_init)
    lr1110_modem_stream_status               0x080086c3   Thumb Code    78  lr1110_modem_lorawan.o(i.lr1110_modem_stream_status)
    lr1110_modem_system_set_dio_as_rf_switch 0x08008711   Thumb Code    86  lr1110_modem_system.o(i.lr1110_modem_system_set_dio_as_rf_switch)
    lr1110_modem_system_set_reg_mode         0x08008767   Thumb Code    40  lr1110_modem_system.o(i.lr1110_modem_system_set_reg_mode)
    lr1110_modem_system_set_tcxo_mode        0x0800878f   Thumb Code    60  lr1110_modem_system.o(i.lr1110_modem_system_set_tcxo_mode)
    lr1110_modem_wifi_cfg_hardware_debarker  0x080087e5   Thumb Code    40  lr1110_modem_wifi.o(i.lr1110_modem_wifi_cfg_hardware_debarker)
    lr1110_modem_wifi_passive_scan           0x0800880d   Thumb Code   102  lr1110_modem_wifi.o(i.lr1110_modem_wifi_passive_scan)
    lr1110_modem_wifi_read_basic_results     0x08008887   Thumb Code    34  lr1110_modem_wifi.o(i.lr1110_modem_wifi_read_basic_results)
    lr1110_modem_wifi_read_complete_results  0x080088a9   Thumb Code    34  lr1110_modem_wifi.o(i.lr1110_modem_wifi_read_complete_results)
    lr1110_modem_wifi_read_cumulative_timing 0x080088cb   Thumb Code   174  lr1110_modem_wifi.o(i.lr1110_modem_wifi_read_cumulative_timing)
    lr1110_modem_wifi_reset_cumulative_timing 0x08008979   Thumb Code    34  lr1110_modem_wifi.o(i.lr1110_modem_wifi_reset_cumulative_timing)
    lr1110_modem_wifi_scan_done              0x0800899d   Thumb Code    32  wifi_scan.o(i.lr1110_modem_wifi_scan_done)
    main                                     0x080089dd   Thumb Code  1328  main_tracker.o(i.main)
    radio_event_callback                     0x080090a9   Thumb Code     2  lr1110.o(i.radio_event_callback)
    radio_event_init                         0x080090ad   Thumb Code     6  lr1110.o(i.radio_event_init)
    rand1                                    0x080090b9   Thumb Code    32  utilities.o(i.rand1)
    randr                                    0x080090e1   Thumb Code    26  utilities.o(i.randr)
    timer_init                               0x080091f5   Thumb Code    18  smtc_hal_tmr_list.o(i.timer_init)
    timer_irq_handler                        0x0800925d   Thumb Code   182  smtc_hal_tmr_list.o(i.timer_irq_handler)
    timer_reset                              0x08009319   Thumb Code    18  smtc_hal_tmr_list.o(i.timer_reset)
    timer_set_value                          0x08009355   Thumb Code    44  smtc_hal_tmr_list.o(i.timer_set_value)
    timer_start                              0x08009381   Thumb Code   108  smtc_hal_tmr_list.o(i.timer_start)
    timer_stop                               0x080093f1   Thumb Code   170  smtc_hal_tmr_list.o(i.timer_stop)
    tracker_init_app_ctx                     0x080094a1   Thumb Code   164  tracker_utility.o(i.tracker_init_app_ctx)
    wifi_add_basic_mac_to_results            0x080096a3   Thumb Code   156  wifi_scan.o(i.wifi_add_basic_mac_to_results)
    wifi_add_complete_mac_to_results         0x0800973f   Thumb Code   178  wifi_scan.o(i.wifi_add_complete_mac_to_results)
    wifi_compute_consumption                 0x080097f1   Thumb Code    78  wifi_scan.o(i.wifi_compute_consumption)
    wifi_configure                           0x08009841   Thumb Code    98  wifi_scan.o(i.wifi_configure)
    wifi_execute_scan                        0x080098a9   Thumb Code   366  wifi_scan.o(i.wifi_execute_scan)
    wifi_init                                0x08009a25   Thumb Code    56  wifi_scan.o(i.wifi_init)
    AHBPrescTable                            0x08009a68   Data          16  system_stm32l4xx.o(.constdata)
    APBPrescTable                            0x08009a78   Data           8  system_stm32l4xx.o(.constdata)
    MSIRangeTable                            0x08009a80   Data          48  system_stm32l4xx.o(.constdata)
    Region$$Table$$Base                      0x08009bc8   Number         0  anon$$obj.o(Region$$Table)
    Region$$Table$$Limit                     0x08009be8   Number         0  anon$$obj.o(Region$$Table)
    adr_custom_list                          0x20000000   Data          16  main_tracker.o(.data)
    uwTick                                   0x20000020   Data           4  stm32l4xx_hal.o(.data)
    uwTickPrio                               0x20000024   Data           4  stm32l4xx_hal.o(.data)
    uwTickFreq                               0x20000028   Data           4  stm32l4xx_hal.o(.data)
    SystemCoreClock                          0x2000002c   Data           4  system_stm32l4xx.o(.data)
    data_raw_acceleration                    0x20000032   Data           6  lis2de12.o(.data)
    lr1110_modem_event                       0x20000048   Data           4  lr1110.o(.data)
    uart_rx_done                             0x200003d4   Data           1  smtc_hal_uart.o(.data)
    acceleration_mg                          0x2000040c   Data          12  lis2de12.o(.bss)
    tracker_ctx                              0x20000418   Data        2256  tracker_utility.o(.bss)
    wifi                                     0x20000ce8   Data        1376  wifi_scan.o(.bss)
    gnss                                     0x20001260   Data         352  gnss_scan.o(.bss)
    lr1110                                   0x20001430   Data         192  smtc_hal_mcu.o(.bss)
    hal_rtc                                  0x20001508   Data          64  smtc_hal_rtc.o(.bss)
    __initial_sp                             0x20001dd8   Data           0  startup_stm32l476xx.o(STACK)



==============================================================================

Memory Map of the image

  Image Entry point : 0x08000189

  Load Region LR_IROM1 (Base: 0x08000000, Size: 0x00009fc4, Max: 0x00100000, ABSOLUTE, COMPRESSED[0x00009c44])

    Execution Region ER_IROM1 (Exec base: 0x08000000, Load base: 0x08000000, Size: 0x00009be8, Max: 0x00100000, ABSOLUTE)

    Exec Addr    Load Addr    Size         Type   Attr      Idx    E Section Name        Object

    0x08000000   0x08000000   0x00000188   Data   RO            3    RESET               startup_stm32l476xx.o
    0x08000188   0x08000188   0x00000000   Code   RO         8812  * .ARM.Collect$$$$00000000  mc_w.l(entry.o)
    0x08000188   0x08000188   0x00000004   Code   RO         8867    .ARM.Collect$$$$00000001  mc_w.l(entry2.o)
    0x0800018c   0x0800018c   0x00000004   Code   RO         8870    .ARM.Collect$$$$00000004  mc_w.l(entry5.o)
    0x08000190   0x08000190   0x00000000   Code   RO         8872    .ARM.Collect$$$$00000008  mc_w.l(entry7b.o)
    0x08000190   0x08000190   0x00000000   Code   RO         8874    .ARM.Collect$$$$0000000A  mc_w.l(entry8b.o)
    0x08000190   0x08000190   0x00000008   Code   RO         8875    .ARM.Collect$$$$0000000B  mc_w.l(entry9a.o)
    0x08000198   0x08000198   0x00000000   Code   RO         8877    .ARM.Collect$$$$0000000D  mc_w.l(entry10a.o)
    0x08000198   0x08000198   0x00000000   Code   RO         8879    .ARM.Collect$$$$0000000F  mc_w.l(entry11a.o)
    0x08000198   0x08000198   0x00000004   Code   RO         8868    .ARM.Collect$$$$00002712  mc_w.l(entry2.o)
    0x0800019c   0x0800019c   0x00000024   Code   RO            4    .text               startup_stm32l476xx.o
    0x080001c0   0x080001c0   0x00000068   Code   RO         8815    .text               mc_w.l(uldiv.o)
    0x08000228   0x08000228   0x00000094   Code   RO         8817    .text               mc_w.l(localtime.o)
    0x080002bc   0x080002bc   0x00000024   Code   RO         8821    .text               mc_w.l(memcpya.o)
    0x080002e0   0x080002e0   0x00000024   Code   RO         8823    .text               mc_w.l(memseta.o)
    0x08000304   0x08000304   0x0000000e   Code   RO         8825    .text               mc_w.l(strlen.o)
    0x08000312   0x08000312   0x000000de   Code   RO         8857    .text               mf_w.l(ddiv.o)
    0x080003f0   0x080003f0   0x0000001a   Code   RO         8859    .text               mf_w.l(dfltui.o)
    0x0800040a   0x0800040a   0x00000032   Code   RO         8861    .text               mf_w.l(dfixui.o)
    0x0800043c   0x0800043c   0x0000002c   Code   RO         8884    .text               mc_w.l(uidiv.o)
    0x08000468   0x08000468   0x0000001e   Code   RO         8886    .text               mc_w.l(llshl.o)
    0x08000486   0x08000486   0x00000020   Code   RO         8888    .text               mc_w.l(llushr.o)
    0x080004a6   0x080004a6   0x00000000   Code   RO         8890    .text               mc_w.l(iusefp.o)
    0x080004a6   0x080004a6   0x000000ba   Code   RO         8893    .text               mf_w.l(depilogue.o)
    0x08000560   0x08000560   0x0000015e   Code   RO         8895    .text               mf_w.l(dadd.o)
    0x080006be   0x080006be   0x000000ea   Code   RO         8897    .text               mf_w.l(dmul.o)
    0x080007a8   0x080007a8   0x00000030   Code   RO         8899    .text               mf_w.l(dfixul.o)
    0x080007d8   0x080007d8   0x00000030   Code   RO         8901    .text               mf_w.l(cdrcmple.o)
    0x08000808   0x08000808   0x00000024   Code   RO         8903    .text               mc_w.l(init.o)
    0x0800082c   0x0800082c   0x00000024   Code   RO         8906    .text               mc_w.l(llsshr.o)
    0x08000850   0x08000850   0x00000056   Code   RO         8917    .text               mc_w.l(__dczerorl2.o)
    0x080008a6   0x080008a6   0x0000000a   Code   RO         7747    i.EXTI0_IRQHandler  smtc_hal_gpio.o
    0x080008b0   0x080008b0   0x00000034   Code   RO         7748    i.EXTI15_10_IRQHandler  smtc_hal_gpio.o
    0x080008e4   0x080008e4   0x0000000a   Code   RO         7749    i.EXTI1_IRQHandler  smtc_hal_gpio.o
    0x080008ee   0x080008ee   0x0000000a   Code   RO         7750    i.EXTI2_IRQHandler  smtc_hal_gpio.o
    0x080008f8   0x080008f8   0x0000000a   Code   RO         7751    i.EXTI3_IRQHandler  smtc_hal_gpio.o
    0x08000902   0x08000902   0x0000000a   Code   RO         7752    i.EXTI4_IRQHandler  smtc_hal_gpio.o
    0x0800090c   0x0800090c   0x00000026   Code   RO         7753    i.EXTI9_5_IRQHandler  smtc_hal_gpio.o
    0x08000932   0x08000932   0x00000002   PAD
    0x08000934   0x08000934   0x00000014   Code   RO         2985    i.HAL_DBGMCU_DisableDBGSleepMode  stm32l4xx_hal.o
    0x08000948   0x08000948   0x00000014   Code   RO         2986    i.HAL_DBGMCU_DisableDBGStandbyMode  stm32l4xx_hal.o
    0x0800095c   0x0800095c   0x00000014   Code   RO         2987    i.HAL_DBGMCU_DisableDBGStopMode  stm32l4xx_hal.o
    0x08000970   0x08000970   0x0000005c   Code   RO         3767    i.HAL_DMA_Abort_IT  stm32l4xx_hal_dma.o
    0x080009cc   0x080009cc   0x00000028   Code   RO         2992    i.HAL_Delay         stm32l4xx_hal.o
    0x080009f4   0x080009f4   0x00000144   Code   RO         3699    i.HAL_GPIO_DeInit   stm32l4xx_hal_gpio.o
    0x08000b38   0x08000b38   0x00000040   Code   RO         7754    i.HAL_GPIO_EXTI_Callback  smtc_hal_gpio.o
    0x08000b78   0x08000b78   0x0000001c   Code   RO         3701    i.HAL_GPIO_EXTI_IRQHandler  stm32l4xx_hal_gpio.o
    0x08000b94   0x08000b94   0x00000204   Code   RO         3702    i.HAL_GPIO_Init     stm32l4xx_hal_gpio.o
    0x08000d98   0x08000d98   0x00000010   Code   RO         3704    i.HAL_GPIO_ReadPin  stm32l4xx_hal_gpio.o
    0x08000da8   0x08000da8   0x0000000a   Code   RO         3706    i.HAL_GPIO_WritePin  stm32l4xx_hal_gpio.o
    0x08000db2   0x08000db2   0x00000002   PAD
    0x08000db4   0x08000db4   0x0000000c   Code   RO         2996    i.HAL_GetTick       stm32l4xx_hal.o
    0x08000dc0   0x08000dc0   0x0000006a   Code   RO          917    i.HAL_I2CEx_ConfigAnalogFilter  stm32l4xx_hal_i2c_ex.o
    0x08000e2a   0x08000e2a   0x00000068   Code   RO          918    i.HAL_I2CEx_ConfigDigitalFilter  stm32l4xx_hal_i2c_ex.o
    0x08000e92   0x08000e92   0x0000003c   Code   RO          459    i.HAL_I2C_DeInit    stm32l4xx_hal_i2c.o
    0x08000ece   0x08000ece   0x00000002   PAD
    0x08000ed0   0x08000ed0   0x000000c4   Code   RO          468    i.HAL_I2C_Init      stm32l4xx_hal_i2c.o
    0x08000f94   0x08000f94   0x000001a6   Code   RO          486    i.HAL_I2C_Mem_Read  stm32l4xx_hal_i2c.o
    0x0800113a   0x0800113a   0x00000002   PAD
    0x0800113c   0x0800113c   0x0000019e   Code   RO          489    i.HAL_I2C_Mem_Write  stm32l4xx_hal_i2c.o
    0x080012da   0x080012da   0x00000002   PAD
    0x080012dc   0x080012dc   0x000000cc   Code   RO         7899    i.HAL_I2C_MspDeInit  smtc_hal_i2c.o
    0x080013a8   0x080013a8   0x00000164   Code   RO         7900    i.HAL_I2C_MspInit   smtc_hal_i2c.o
    0x0800150c   0x0800150c   0x00000018   Code   RO         3002    i.HAL_IncTick       stm32l4xx_hal.o
    0x08001524   0x08001524   0x0000001e   Code   RO         3003    i.HAL_Init          stm32l4xx_hal.o
    0x08001542   0x08001542   0x00000002   PAD
    0x08001544   0x08001544   0x00000058   Code   RO         3004    i.HAL_InitTick      stm32l4xx_hal.o
    0x0800159c   0x0800159c   0x00000002   Code   RO          971    i.HAL_LPTIM_AutoReloadMatchCallback  stm32l4xx_hal_lptim.o
    0x0800159e   0x0800159e   0x00000002   Code   RO          972    i.HAL_LPTIM_AutoReloadWriteCallback  stm32l4xx_hal_lptim.o
    0x080015a0   0x080015a0   0x00000002   Code   RO          973    i.HAL_LPTIM_CompareMatchCallback  stm32l4xx_hal_lptim.o
    0x080015a2   0x080015a2   0x00000002   Code   RO          974    i.HAL_LPTIM_CompareWriteCallback  stm32l4xx_hal_lptim.o
    0x080015a4   0x080015a4   0x00000002   Code   RO          980    i.HAL_LPTIM_DirectionDownCallback  stm32l4xx_hal_lptim.o
    0x080015a6   0x080015a6   0x00000002   Code   RO          981    i.HAL_LPTIM_DirectionUpCallback  stm32l4xx_hal_lptim.o
    0x080015a8   0x080015a8   0x000000e6   Code   RO          987    i.HAL_LPTIM_IRQHandler  stm32l4xx_hal_lptim.o
    0x0800168e   0x0800168e   0x00000002   PAD
    0x08001690   0x08001690   0x000000d0   Code   RO          988    i.HAL_LPTIM_Init    stm32l4xx_hal_lptim.o
    0x08001760   0x08001760   0x00000044   Code   RO         8515    i.HAL_LPTIM_MspInit  smtc_hal_tmr.o
    0x080017a4   0x080017a4   0x00000026   Code   RO         1008    i.HAL_LPTIM_TimeOut_Stop  stm32l4xx_hal_lptim.o
    0x080017ca   0x080017ca   0x00000002   Code   RO         1010    i.HAL_LPTIM_TriggerCallback  stm32l4xx_hal_lptim.o
    0x080017cc   0x080017cc   0x00000090   Code   RO         7984    i.HAL_MspInit       smtc_hal_mcu.o
    0x0800185c   0x0800185c   0x00000020   Code   RO         4243    i.HAL_NVIC_EnableIRQ  stm32l4xx_hal_cortex.o
    0x0800187c   0x0800187c   0x00000082   Code   RO         4249    i.HAL_NVIC_SetPriority  stm32l4xx_hal_cortex.o
    0x080018fe   0x080018fe   0x00000002   PAD
    0x08001900   0x08001900   0x00000028   Code   RO         4250    i.HAL_NVIC_SetPriorityGrouping  stm32l4xx_hal_cortex.o
    0x08001928   0x08001928   0x00000040   Code   RO         4023    i.HAL_PWREx_EnterSTOP2Mode  stm32l4xx_hal_pwr_ex.o
    0x08001968   0x08001968   0x00000010   Code   RO         4024    i.HAL_PWREx_GetVoltageRange  stm32l4xx_hal_pwr_ex.o
    0x08001978   0x08001978   0x000000b8   Code   RO         3878    i.HAL_PWR_ConfigPVD  stm32l4xx_hal_pwr.o
    0x08001a30   0x08001a30   0x00000014   Code   RO         3886    i.HAL_PWR_EnablePVD  stm32l4xx_hal_pwr.o
    0x08001a44   0x08001a44   0x000004d4   Code   RO         3335    i.HAL_RCCEx_PeriphCLKConfig  stm32l4xx_hal_rcc_ex.o
    0x08001f18   0x08001f18   0x0000017c   Code   RO         3220    i.HAL_RCC_ClockConfig  stm32l4xx_hal_rcc.o
    0x08002094   0x08002094   0x0000000c   Code   RO         3224    i.HAL_RCC_GetHCLKFreq  stm32l4xx_hal_rcc.o
    0x080020a0   0x080020a0   0x00000024   Code   RO         3226    i.HAL_RCC_GetPCLK1Freq  stm32l4xx_hal_rcc.o
    0x080020c4   0x080020c4   0x00000024   Code   RO         3227    i.HAL_RCC_GetPCLK2Freq  stm32l4xx_hal_rcc.o
    0x080020e8   0x080020e8   0x000000ec   Code   RO         3228    i.HAL_RCC_GetSysClockFreq  stm32l4xx_hal_rcc.o
    0x080021d4   0x080021d4   0x0000068c   Code   RO         3231    i.HAL_RCC_OscConfig  stm32l4xx_hal_rcc.o
    0x08002860   0x08002860   0x00000058   Code   RO         4864    i.HAL_RTCEx_EnableBypassShadow  stm32l4xx_hal_rtc_ex.o
    0x080028b8   0x080028b8   0x00000002   Code   RO         4889    i.HAL_RTCEx_WakeUpTimerEventCallback  stm32l4xx_hal_rtc_ex.o
    0x080028ba   0x080028ba   0x00000002   PAD
    0x080028bc   0x080028bc   0x00000038   Code   RO         4890    i.HAL_RTCEx_WakeUpTimerIRQHandler  stm32l4xx_hal_rtc_ex.o
    0x080028f4   0x080028f4   0x0000000a   Code   RO         8280    i.HAL_RTC_AlarmAEventCallback  smtc_hal_rtc.o
    0x080028fe   0x080028fe   0x00000106   Code   RO         4713    i.HAL_RTC_DeactivateAlarm  stm32l4xx_hal_rtc.o
    0x08002a04   0x08002a04   0x0000004c   Code   RO         4715    i.HAL_RTC_GetDate   stm32l4xx_hal_rtc.o
    0x08002a50   0x08002a50   0x0000005c   Code   RO         4717    i.HAL_RTC_GetTime   stm32l4xx_hal_rtc.o
    0x08002aac   0x08002aac   0x000000b4   Code   RO         4718    i.HAL_RTC_Init      stm32l4xx_hal_rtc.o
    0x08002b60   0x08002b60   0x0000002c   Code   RO         8282    i.HAL_RTC_MspInit   smtc_hal_rtc.o
    0x08002b8c   0x08002b8c   0x00000218   Code   RO         4723    i.HAL_RTC_SetAlarm_IT  stm32l4xx_hal_rtc.o
    0x08002da4   0x08002da4   0x000000cc   Code   RO         4724    i.HAL_RTC_SetDate   stm32l4xx_hal_rtc.o
    0x08002e70   0x08002e70   0x000000f8   Code   RO         4725    i.HAL_RTC_SetTime   stm32l4xx_hal_rtc.o
    0x08002f68   0x08002f68   0x00000038   Code   RO         4726    i.HAL_RTC_WaitForSynchro  stm32l4xx_hal_rtc.o
    0x08002fa0   0x08002fa0   0x00000036   Code   RO         1241    i.HAL_SPI_DeInit    stm32l4xx_hal_spi.o
    0x08002fd6   0x08002fd6   0x000000c0   Code   RO         1246    i.HAL_SPI_Init      stm32l4xx_hal_spi.o
    0x08003096   0x08003096   0x00000002   PAD
    0x08003098   0x08003098   0x000000ac   Code   RO         8460    i.HAL_SPI_MspDeInit  smtc_hal_spi.o
    0x08003144   0x08003144   0x00000114   Code   RO         8461    i.HAL_SPI_MspInit   smtc_hal_spi.o
    0x08003258   0x08003258   0x00000028   Code   RO         4252    i.HAL_SYSTICK_CLKSourceConfig  stm32l4xx_hal_cortex.o
    0x08003280   0x08003280   0x00000002   Code   RO         4253    i.HAL_SYSTICK_Callback  stm32l4xx_hal_cortex.o
    0x08003282   0x08003282   0x00000034   Code   RO         4254    i.HAL_SYSTICK_Config  stm32l4xx_hal_cortex.o
    0x080032b6   0x080032b6   0x00000008   Code   RO         4255    i.HAL_SYSTICK_IRQHandler  stm32l4xx_hal_cortex.o
    0x080032be   0x080032be   0x00000002   Code   RO         2921    i.HAL_UARTEx_WakeupCallback  stm32l4xx_hal_uart_ex.o
    0x080032c0   0x080032c0   0x00000042   Code   RO         2574    i.HAL_UART_DeInit   stm32l4xx_hal_uart.o
    0x08003302   0x08003302   0x00000002   Code   RO         2575    i.HAL_UART_ErrorCallback  stm32l4xx_hal_uart.o
    0x08003304   0x08003304   0x00000190   Code   RO         2578    i.HAL_UART_IRQHandler  stm32l4xx_hal_uart.o
    0x08003494   0x08003494   0x00000074   Code   RO         2579    i.HAL_UART_Init     stm32l4xx_hal_uart.o
    0x08003508   0x08003508   0x000000b4   Code   RO         8589    i.HAL_UART_MspDeInit  smtc_hal_uart.o
    0x080035bc   0x080035bc   0x00000198   Code   RO         8590    i.HAL_UART_MspInit  smtc_hal_uart.o
    0x08003754   0x08003754   0x000000d6   Code   RO         2587    i.HAL_UART_Transmit  stm32l4xx_hal_uart.o
    0x0800382a   0x0800382a   0x00000002   Code   RO         2590    i.HAL_UART_TxCpltCallback  stm32l4xx_hal_uart.o
    0x0800382c   0x0800382c   0x0000004c   Code   RO         7985    i.HardFault_Handler  smtc_hal_mcu.o
    0x08003878   0x08003878   0x00000028   Code   RO          515    i.I2C_Flush_TXDR    stm32l4xx_hal_i2c.o
    0x080038a0   0x080038a0   0x00000098   Code   RO          523    i.I2C_IsAcknowledgeFailed  stm32l4xx_hal_i2c.o
    0x08003938   0x08003938   0x0000007c   Code   RO          526    i.I2C_RequestMemoryRead  stm32l4xx_hal_i2c.o
    0x080039b4   0x080039b4   0x0000007c   Code   RO          527    i.I2C_RequestMemoryWrite  stm32l4xx_hal_i2c.o
    0x08003a30   0x08003a30   0x00000034   Code   RO          530    i.I2C_TransferConfig  stm32l4xx_hal_i2c.o
    0x08003a64   0x08003a64   0x0000005e   Code   RO          531    i.I2C_WaitOnFlagUntilTimeout  stm32l4xx_hal_i2c.o
    0x08003ac2   0x08003ac2   0x00000056   Code   RO          533    i.I2C_WaitOnSTOPFlagUntilTimeout  stm32l4xx_hal_i2c.o
    0x08003b18   0x08003b18   0x0000005a   Code   RO          534    i.I2C_WaitOnTXISFlagUntilTimeout  stm32l4xx_hal_i2c.o
    0x08003b72   0x08003b72   0x00000002   PAD
    0x08003b74   0x08003b74   0x00000028   Code   RO         8516    i.LPTIM1_IRQHandler  smtc_hal_tmr.o
    0x08003b9c   0x08003b9c   0x000001c2   Code   RO         1011    i.LPTIM_Disable     stm32l4xx_hal_lptim.o
    0x08003d5e   0x08003d5e   0x00000002   PAD
    0x08003d60   0x08003d60   0x00000064   Code   RO         7986    i.PVD_PVM_IRQHandler  smtc_hal_mcu.o
    0x08003dc4   0x08003dc4   0x0000018c   Code   RO         3339    i.RCCEx_PLLSAI1_Config  stm32l4xx_hal_rcc_ex.o
    0x08003f50   0x08003f50   0x00000164   Code   RO         3340    i.RCCEx_PLLSAI2_Config  stm32l4xx_hal_rcc_ex.o
    0x080040b4   0x080040b4   0x0000009c   Code   RO         3232    i.RCC_SetFlashLatencyFromMSIRange  stm32l4xx_hal_rcc.o
    0x08004150   0x08004150   0x00000040   Code   RO         8283    i.RTC_Alarm_IRQHandler  smtc_hal_rtc.o
    0x08004190   0x08004190   0x00000014   Code   RO         4727    i.RTC_Bcd2ToByte    stm32l4xx_hal_rtc.o
    0x080041a4   0x080041a4   0x0000001c   Code   RO         4728    i.RTC_ByteToBcd2    stm32l4xx_hal_rtc.o
    0x080041c0   0x080041c0   0x00000044   Code   RO         4729    i.RTC_EnterInitMode  stm32l4xx_hal_rtc.o
    0x08004204   0x08004204   0x00000068   Code   RO         4730    i.RTC_ExitInitMode  stm32l4xx_hal_rtc.o
    0x0800426c   0x0800426c   0x00000010   Code   RO         8284    i.RTC_WKUP_IRQHandler  smtc_hal_rtc.o
    0x0800427c   0x0800427c   0x0000000c   Code   RO         7987    i.SysTick_Handler   smtc_hal_mcu.o
    0x08004288   0x08004288   0x00000050   Code   RO         5095    i.SystemInit        system_stm32l4xx.o
    0x080042d8   0x080042d8   0x000000f8   Code   RO         2592    i.UART_AdvFeatureConfig  stm32l4xx_hal_uart.o
    0x080043d0   0x080043d0   0x0000006e   Code   RO         2593    i.UART_CheckIdleState  stm32l4xx_hal_uart.o
    0x0800443e   0x0800443e   0x00000018   Code   RO         2594    i.UART_DMAAbortOnError  stm32l4xx_hal_uart.o
    0x08004456   0x08004456   0x00000022   Code   RO         2604    i.UART_EndRxTransfer  stm32l4xx_hal_uart.o
    0x08004478   0x08004478   0x00000020   Code   RO         2605    i.UART_EndTransmit_IT  stm32l4xx_hal_uart.o
    0x08004498   0x08004498   0x0000048a   Code   RO         2609    i.UART_SetConfig    stm32l4xx_hal_uart.o
    0x08004922   0x08004922   0x00000068   Code   RO         2612    i.UART_WaitOnFlagUntilTimeout  stm32l4xx_hal_uart.o
    0x0800498a   0x0800498a   0x00000002   PAD
    0x0800498c   0x0800498c   0x00000010   Code   RO         8592    i.USART1_IRQHandler  smtc_hal_uart.o
    0x0800499c   0x0800499c   0x00000010   Code   RO         8593    i.USART2_IRQHandler  smtc_hal_uart.o
    0x080049ac   0x080049ac   0x00000010   Code   RO         8594    i.USART3_IRQHandler  smtc_hal_uart.o
    0x080049bc   0x080049bc   0x00000024   Code   RO         8836    i.__0vsprintf       mc_w.l(printfa.o)
    0x080049e0   0x080049e0   0x00000010   Code   RO         4256    i.__NVIC_GetPriorityGrouping  stm32l4xx_hal_cortex.o
    0x080049f0   0x080049f0   0x00000028   Code   RO         4257    i.__NVIC_SetPriority  stm32l4xx_hal_cortex.o
    0x08004a18   0x08004a18   0x0000000e   Code   RO         8911    i.__scatterload_copy  mc_w.l(handlers.o)
    0x08004a26   0x08004a26   0x00000002   Code   RO         8912    i.__scatterload_null  mc_w.l(handlers.o)
    0x08004a28   0x08004a28   0x0000000e   Code   RO         8913    i.__scatterload_zeroinit  mc_w.l(handlers.o)
    0x08004a36   0x08004a36   0x00000002   PAD
    0x08004a38   0x08004a38   0x0000018a   Code   RO         8837    i._fp_digits        mc_w.l(printfa.o)
    0x08004bc2   0x08004bc2   0x00000002   PAD
    0x08004bc4   0x08004bc4   0x000006e2   Code   RO         8838    i._printf_core      mc_w.l(printfa.o)
    0x080052a6   0x080052a6   0x00000024   Code   RO         8839    i._printf_post_padding  mc_w.l(printfa.o)
    0x080052ca   0x080052ca   0x0000002e   Code   RO         8840    i._printf_pre_padding  mc_w.l(printfa.o)
    0x080052f8   0x080052f8   0x0000000a   Code   RO         8842    i._sputc            mc_w.l(printfa.o)
    0x08005302   0x08005302   0x00000002   PAD
    0x08005304   0x08005304   0x00000018   Code   RO         5131    i.acc_get_raw_x     lis2de12.o
    0x0800531c   0x0800531c   0x00000018   Code   RO         5132    i.acc_get_raw_y     lis2de12.o
    0x08005334   0x08005334   0x00000018   Code   RO         5133    i.acc_get_raw_z     lis2de12.o
    0x0800534c   0x0800534c   0x0000001a   Code   RO         5134    i.acc_get_temperature  lis2de12.o
    0x08005366   0x08005366   0x00000002   PAD
    0x08005368   0x08005368   0x00000074   Code   RO         5135    i.acc_read_raw_data  lis2de12.o
    0x080053dc   0x080053dc   0x0000013c   Code   RO         5136    i.accelerometer_init  lis2de12.o
    0x08005518   0x08005518   0x00000018   Code   RO         5137    i.accelerometer_irq1_init  lis2de12.o
    0x08005530   0x08005530   0x00000080   Code   RO           14    i.add_payload_in_streaming_fifo  main_tracker.o
    0x080055b0   0x080055b0   0x00000338   Code   RO           15    i.build_and_stream_payload  main_tracker.o
    0x080058e8   0x080058e8   0x00000012   Code   RO         5886    i.external_supply_deinit  external_supply.o
    0x080058fa   0x080058fa   0x00000014   Code   RO         5887    i.external_supply_init  external_supply.o
    0x0800590e   0x0800590e   0x00000002   PAD
    0x08005910   0x08005910   0x0000000c   Code   RO         5138    i.get_accelerometer_irq1_state  lis2de12.o
    0x0800591c   0x0800591c   0x0000001c   Code   RO           16    i.gnss_init         main_tracker.o
    0x08005938   0x08005938   0x0000003c   Code   RO         6084    i.gnss_scan_configure  gnss_scan.o
    0x08005974   0x08005974   0x00000104   Code   RO         6086    i.gnss_scan_execute  gnss_scan.o
    0x08005a78   0x08005a78   0x00000048   Code   RO         6087    i.gnss_scan_init    gnss_scan.o
    0x08005ac0   0x08005ac0   0x00000018   Code   RO         6088    i.gnss_scan_set_type  gnss_scan.o
    0x08005ad8   0x08005ad8   0x00000028   Code   RO         7756    i.hal_gpio_deinit   smtc_hal_gpio.o
    0x08005b00   0x08005b00   0x0000002a   Code   RO         7757    i.hal_gpio_get_value  smtc_hal_gpio.o
    0x08005b2a   0x08005b2a   0x00000002   PAD
    0x08005b2c   0x08005b2c   0x000001fc   Code   RO         7758    i.hal_gpio_init     smtc_hal_gpio.o
    0x08005d28   0x08005d28   0x00000054   Code   RO         7759    i.hal_gpio_init_in  smtc_hal_gpio.o
    0x08005d7c   0x08005d7c   0x00000030   Code   RO         7760    i.hal_gpio_init_out  smtc_hal_gpio.o
    0x08005dac   0x08005dac   0x00000018   Code   RO         7761    i.hal_gpio_irq_attach  smtc_hal_gpio.o
    0x08005dc4   0x08005dc4   0x0000002e   Code   RO         7766    i.hal_gpio_set_value  smtc_hal_gpio.o
    0x08005df2   0x08005df2   0x00000002   PAD
    0x08005df4   0x08005df4   0x00000020   Code   RO         7901    i.hal_i2c_deinit    smtc_hal_i2c.o
    0x08005e14   0x08005e14   0x00000120   Code   RO         7902    i.hal_i2c_init      smtc_hal_i2c.o
    0x08005f34   0x08005f34   0x00000024   Code   RO         7904    i.hal_i2c_read_buffer  smtc_hal_i2c.o
    0x08005f58   0x08005f58   0x0000003c   Code   RO         7906    i.hal_i2c_write_buffer  smtc_hal_i2c.o
    0x08005f94   0x08005f94   0x0000000c   Code   RO         7988    i.hal_mcu_critical_section_begin  smtc_hal_mcu.o
    0x08005fa0   0x08005fa0   0x0000000a   Code   RO         7989    i.hal_mcu_critical_section_end  smtc_hal_mcu.o
    0x08005faa   0x08005faa   0x00000002   PAD
    0x08005fac   0x08005fac   0x00000020   Code   RO         7990    i.hal_mcu_deinit    smtc_hal_mcu.o
    0x08005fcc   0x08005fcc   0x00000012   Code   RO         7991    i.hal_mcu_deinit_periph  smtc_hal_mcu.o
    0x08005fde   0x08005fde   0x00000002   PAD
    0x08005fe0   0x08005fe0   0x00000044   Code   RO         7998    i.hal_mcu_gpio_deinit  smtc_hal_mcu.o
    0x08006024   0x08006024   0x00000098   Code   RO         7999    i.hal_mcu_gpio_init  smtc_hal_mcu.o
    0x080060bc   0x080060bc   0x0000004c   Code   RO         8000    i.hal_mcu_init      smtc_hal_mcu.o
    0x08006108   0x08006108   0x00000014   Code   RO         8001    i.hal_mcu_init_periph  smtc_hal_mcu.o
    0x0800611c   0x0800611c   0x00000024   Code   RO         8002    i.hal_mcu_init_software_watchdog  smtc_hal_mcu.o
    0x08006140   0x08006140   0x00000010   Code   RO         8003    i.hal_mcu_low_power_handler  smtc_hal_mcu.o
    0x08006150   0x08006150   0x00000030   Code   RO         8004    i.hal_mcu_lpm_enter_stop_mode  smtc_hal_mcu.o
    0x08006180   0x08006180   0x00000024   Code   RO         8005    i.hal_mcu_lpm_exit_stop_mode  smtc_hal_mcu.o
    0x080061a4   0x080061a4   0x00000070   Code   RO         8006    i.hal_mcu_panic     smtc_hal_mcu.o
    0x08006214   0x08006214   0x0000000c   Code   RO         8007    i.hal_mcu_partial_sleep_enable  smtc_hal_mcu.o
    0x08006220   0x08006220   0x0000002c   Code   RO         8008    i.hal_mcu_pvd_config  smtc_hal_mcu.o
    0x0800624c   0x0800624c   0x00000034   Code   RO         8009    i.hal_mcu_reinit    smtc_hal_mcu.o
    0x08006280   0x08006280   0x0000000e   Code   RO         8010    i.hal_mcu_reinit_periph  smtc_hal_mcu.o
    0x0800628e   0x0800628e   0x00000002   PAD
    0x08006290   0x08006290   0x00000048   Code   RO         8011    i.hal_mcu_reset     smtc_hal_mcu.o
    0x080062d8   0x080062d8   0x00000010   Code   RO         8012    i.hal_mcu_reset_software_watchdog  smtc_hal_mcu.o
    0x080062e8   0x080062e8   0x000000ec   Code   RO         8015    i.hal_mcu_system_clock_config  smtc_hal_mcu.o
    0x080063d4   0x080063d4   0x000000cc   Code   RO         8016    i.hal_mcu_system_clock_re_config_after_stop  smtc_hal_mcu.o
    0x080064a0   0x080064a0   0x0000001a   Code   RO         8017    i.hal_mcu_trace_print  smtc_hal_mcu.o
    0x080064ba   0x080064ba   0x0000002e   Code   RO         8286    i.hal_rtc_get_calendar_time  smtc_hal_rtc.o
    0x080064e8   0x080064e8   0x00000004   Code   RO         8287    i.hal_rtc_get_minimum_timeout  smtc_hal_rtc.o
    0x080064ec   0x080064ec   0x00000022   Code   RO         8288    i.hal_rtc_get_time_ms  smtc_hal_rtc.o
    0x0800650e   0x0800650e   0x00000002   PAD
    0x08006510   0x08006510   0x0000000c   Code   RO         8289    i.hal_rtc_get_time_ref_in_ticks  smtc_hal_rtc.o
    0x0800651c   0x0800651c   0x0000001c   Code   RO         8291    i.hal_rtc_get_timer_elapsed_value  smtc_hal_rtc.o
    0x08006538   0x08006538   0x000000b4   Code   RO         8293    i.hal_rtc_init      smtc_hal_rtc.o
    0x080065ec   0x080065ec   0x00000018   Code   RO         8294    i.hal_rtc_ms_2_tick  smtc_hal_rtc.o
    0x08006604   0x08006604   0x0000001c   Code   RO         8297    i.hal_rtc_set_time_ref_in_ticks  smtc_hal_rtc.o
    0x08006620   0x08006620   0x00000180   Code   RO         8298    i.hal_rtc_start_alarm  smtc_hal_rtc.o
    0x080067a0   0x080067a0   0x00000034   Code   RO         8299    i.hal_rtc_stop_alarm  smtc_hal_rtc.o
    0x080067d4   0x080067d4   0x0000001e   Code   RO         8302    i.hal_rtc_tick_2_ms  smtc_hal_rtc.o
    0x080067f2   0x080067f2   0x00000002   PAD
    0x080067f4   0x080067f4   0x0000001c   Code   RO         8462    i.hal_spi_deinit    smtc_hal_spi.o
    0x08006810   0x08006810   0x00000068   Code   RO         8463    i.hal_spi_in_out    smtc_hal_spi.o
    0x08006878   0x08006878   0x0000010c   Code   RO         8464    i.hal_spi_init      smtc_hal_spi.o
    0x08006984   0x08006984   0x00000048   Code   RO         8518    i.hal_tmr_init      smtc_hal_tmr.o
    0x080069cc   0x080069cc   0x0000001c   Code   RO         8595    i.hal_uart_deinit   smtc_hal_uart.o
    0x080069e8   0x080069e8   0x000000dc   Code   RO         8596    i.hal_uart_init     smtc_hal_uart.o
    0x08006ac4   0x08006ac4   0x0000002c   Code   RO         8598    i.hal_uart_tx       smtc_hal_uart.o
    0x08006af0   0x08006af0   0x0000006a   Code   RO         7907    i.i2c_read_buffer   smtc_hal_i2c.o
    0x08006b5a   0x08006b5a   0x00000002   PAD
    0x08006b5c   0x08006b5c   0x0000006a   Code   RO         7909    i.i2c_write_buffer  smtc_hal_i2c.o
    0x08006bc6   0x08006bc6   0x00000092   Code   RO         7098    i.interpret_basic_complete_result_from_buffer  lr1110_modem_wifi.o
    0x08006c58   0x08006c58   0x00000052   Code   RO         7099    i.interpret_basic_mac_type_channel_result_from_buffer  lr1110_modem_wifi.o
    0x08006caa   0x08006caa   0x00000002   PAD
    0x08006cac   0x08006cac   0x00000038   Code   RO         5139    i.is_accelerometer_detected_moved  lis2de12.o
    0x08006ce4   0x08006ce4   0x00000030   Code   RO           17    i.is_next_scan_possible  main_tracker.o
    0x08006d14   0x08006d14   0x0000001c   Code   RO           18    i.is_tracker_in_static_mode  main_tracker.o
    0x08006d30   0x08006d30   0x00000014   Code   RO           19    i.join_network      main_tracker.o
    0x08006d44   0x08006d44   0x0000003e   Code   RO         5832    i.leds_blink        leds.o
    0x08006d82   0x08006d82   0x00000010   Code   RO         5833    i.leds_deinit       leds.o
    0x08006d92   0x08006d92   0x00000014   Code   RO         5834    i.leds_init         leds.o
    0x08006da6   0x08006da6   0x00000022   Code   RO         5835    i.leds_off          leds.o
    0x08006dc8   0x08006dc8   0x00000022   Code   RO         5836    i.leds_on           leds.o
    0x08006dea   0x08006dea   0x00000014   Code   RO         5141    i.lis2de12_acceleration_raw_get  lis2de12.o
    0x08006dfe   0x08006dfe   0x00000014   Code   RO         5142    i.lis2de12_acceleration_raw_get_x  lis2de12.o
    0x08006e12   0x08006e12   0x00000014   Code   RO         5143    i.lis2de12_acceleration_raw_get_y  lis2de12.o
    0x08006e26   0x08006e26   0x00000014   Code   RO         5144    i.lis2de12_acceleration_raw_get_z  lis2de12.o
    0x08006e3a   0x08006e3a   0x00000034   Code   RO         5150    i.lis2de12_block_data_update_set  lis2de12.o
    0x08006e6e   0x08006e6e   0x00000038   Code   RO         5154    i.lis2de12_data_rate_set  lis2de12.o
    0x08006ea6   0x08006ea6   0x00000014   Code   RO         5155    i.lis2de12_device_id_get  lis2de12.o
    0x08006eba   0x08006eba   0x0000002c   Code   RO         5163    i.lis2de12_fifo_mode_set  lis2de12.o
    0x08006ee6   0x08006ee6   0x00000002   PAD
    0x08006ee8   0x08006ee8   0x00000020   Code   RO         5174    i.lis2de12_from_fs2_to_mg  lis2de12.o
    0x08006f08   0x08006f08   0x0000002c   Code   RO         5179    i.lis2de12_full_scale_set  lis2de12.o
    0x08006f34   0x08006f34   0x0000002c   Code   RO         5183    i.lis2de12_high_pass_int_conf_set  lis2de12.o
    0x08006f60   0x08006f60   0x00000014   Code   RO         5189    i.lis2de12_int1_gen_conf_set  lis2de12.o
    0x08006f74   0x08006f74   0x0000002c   Code   RO         5191    i.lis2de12_int1_gen_duration_set  lis2de12.o
    0x08006fa0   0x08006fa0   0x00000014   Code   RO         5192    i.lis2de12_int1_gen_source_get  lis2de12.o
    0x08006fb4   0x08006fb4   0x0000002c   Code   RO         5194    i.lis2de12_int1_gen_threshold_set  lis2de12.o
    0x08006fe0   0x08006fe0   0x0000000c   Code   RO         5195    i.lis2de12_int1_irq_handler  lis2de12.o
    0x08006fec   0x08006fec   0x0000002c   Code   RO         5199    i.lis2de12_int1_pin_notification_mode_set  lis2de12.o
    0x08007018   0x08007018   0x00000014   Code   RO         5212    i.lis2de12_pin_int1_config_set  lis2de12.o
    0x0800702c   0x0800702c   0x00000022   Code   RO         5219    i.lis2de12_read_reg  lis2de12.o
    0x0800704e   0x0800704e   0x0000001e   Code   RO         5235    i.lis2de12_temp_data_ready_get  lis2de12.o
    0x0800706c   0x0800706c   0x0000002c   Code   RO         5238    i.lis2de12_temperature_meas_set  lis2de12.o
    0x08007098   0x08007098   0x00000032   Code   RO         5239    i.lis2de12_temperature_raw_get  lis2de12.o
    0x080070ca   0x080070ca   0x00000022   Code   RO         5240    i.lis2de12_write_reg  lis2de12.o
    0x080070ec   0x080070ec   0x0000001e   Code   RO         5242    i.lis2de12_xl_data_ready_get  lis2de12.o
    0x0800710a   0x0800710a   0x0000000c   Code   RO         5888    i.lna_off           external_supply.o
    0x08007116   0x08007116   0x0000000c   Code   RO         5889    i.lna_on            external_supply.o
    0x08007122   0x08007122   0x00000002   PAD
    0x08007124   0x08007124   0x00000070   Code   RO           20    i.lorawan_init      main_tracker.o
    0x08007194   0x08007194   0x00000028   Code   RO         6552    i.lr1110_modem_activate_duty_cycle  lr1110_modem_lorawan.o
    0x080071bc   0x080071bc   0x00000002   Code   RO           21    i.lr1110_modem_adr_mobile_to_static  main_tracker.o
    0x080071be   0x080071be   0x00000002   PAD
    0x080071c0   0x080071c0   0x000000fc   Code   RO           22    i.lr1110_modem_alarm  main_tracker.o
    0x080072bc   0x080072bc   0x00000054   Code   RO         7572    i.lr1110_modem_board_deinit_io  lr1110-modem-board.o
    0x08007310   0x08007310   0x00000018   Code   RO         7574    i.lr1110_modem_board_get_systime_from_gps  lr1110-modem-board.o
    0x08007328   0x08007328   0x00000006   Code   RO         7575    i.lr1110_modem_board_get_tcxo_wakeup_time  lr1110-modem-board.o
    0x0800732e   0x0800732e   0x00000070   Code   RO         7576    i.lr1110_modem_board_init  lr1110-modem-board.o
    0x0800739e   0x0800739e   0x00000038   Code   RO         7577    i.lr1110_modem_board_init_io  lr1110-modem-board.o
    0x080073d6   0x080073d6   0x00000002   PAD
    0x080073d8   0x080073d8   0x00000034   Code   RO         7578    i.lr1110_modem_board_init_io_context  lr1110-modem-board.o
    0x0800740c   0x0800740c   0x00000048   Code   RO         7579    i.lr1110_modem_board_init_tcxo_io  lr1110-modem-board.o
    0x08007454   0x08007454   0x0000000c   Code   RO         7580    i.lr1110_modem_board_is_ready  lr1110-modem-board.o
    0x08007460   0x08007460   0x00000008   Code   RO         7581    i.lr1110_modem_board_lna_off  lr1110-modem-board.o
    0x08007468   0x08007468   0x00000008   Code   RO         7582    i.lr1110_modem_board_lna_on  lr1110-modem-board.o
    0x08007470   0x08007470   0x00000016   Code   RO         7583    i.lr1110_modem_board_read_event_line  lr1110-modem-board.o
    0x08007486   0x08007486   0x00000002   PAD
    0x08007488   0x08007488   0x0000000c   Code   RO         7584    i.lr1110_modem_board_set_ready  lr1110-modem-board.o
    0x08007494   0x08007494   0x00000038   Code   RO         6210    i.lr1110_modem_compute_crc  lr1110_modem_hal.o
    0x080074cc   0x080074cc   0x00000022   Code   RO         6553    i.lr1110_modem_derive_keys  lr1110_modem_lorawan.o
    0x080074ee   0x080074ee   0x00000002   PAD
    0x080074f0   0x080074f0   0x00000148   Code   RO           23    i.lr1110_modem_down_data  main_tracker.o
    0x08007638   0x08007638   0x000002ac   Code   RO         6159    i.lr1110_modem_event_process  lr1110.o
    0x080078e4   0x080078e4   0x00000008   Code   RO         7100    i.lr1110_modem_extract_channel_from_info_byte  lr1110_modem_wifi.o
    0x080078ec   0x080078ec   0x00000008   Code   RO         7101    i.lr1110_modem_extract_signal_type_from_data_rate_info  lr1110_modem_wifi.o
    0x080078f4   0x080078f4   0x00000024   Code   RO         6555    i.lr1110_modem_get_adr_profile  lr1110_modem_lorawan.o
    0x08007918   0x08007918   0x0000004a   Code   RO         6559    i.lr1110_modem_get_charge  lr1110_modem_lorawan.o
    0x08007962   0x08007962   0x00000042   Code   RO         6560    i.lr1110_modem_get_chip_eui  lr1110_modem_lorawan.o
    0x080079a4   0x080079a4   0x00000042   Code   RO         6564    i.lr1110_modem_get_dev_eui  lr1110_modem_lorawan.o
    0x080079e6   0x080079e6   0x00000068   Code   RO         6569    i.lr1110_modem_get_event  lr1110_modem_lorawan.o
    0x08007a4e   0x08007a4e   0x0000003a   Code   RO         6570    i.lr1110_modem_get_event_size  lr1110_modem_lorawan.o
    0x08007a88   0x08007a88   0x0000004a   Code   RO         6571    i.lr1110_modem_get_gps_time  lr1110_modem_lorawan.o
    0x08007ad2   0x08007ad2   0x00000042   Code   RO         6572    i.lr1110_modem_get_join_eui  lr1110_modem_lorawan.o
    0x08007b14   0x08007b14   0x0000004a   Code   RO         6575    i.lr1110_modem_get_pin  lr1110_modem_lorawan.o
    0x08007b5e   0x08007b5e   0x00000024   Code   RO         6577    i.lr1110_modem_get_status  lr1110_modem_lorawan.o
    0x08007b82   0x08007b82   0x0000007c   Code   RO         6579    i.lr1110_modem_get_version  lr1110_modem_lorawan.o
    0x08007bfe   0x08007bfe   0x00000072   Code   RO         6417    i.lr1110_modem_gnss_get_detected_satellites  lr1110_modem_gnss.o
    0x08007c70   0x08007c70   0x00000028   Code   RO         6418    i.lr1110_modem_gnss_get_nb_detected_satellites  lr1110_modem_gnss.o
    0x08007c98   0x08007c98   0x00000024   Code   RO         6421    i.lr1110_modem_gnss_push_solver_msg  lr1110_modem_gnss.o
    0x08007cbc   0x08007cbc   0x00000034   Code   RO         6429    i.lr1110_modem_gnss_scan_assisted_md  lr1110_modem_gnss.o
    0x08007cf0   0x08007cf0   0x00000034   Code   RO         6430    i.lr1110_modem_gnss_scan_autonomous_md  lr1110_modem_gnss.o
    0x08007d24   0x08007d24   0x00000028   Code   RO         6089    i.lr1110_modem_gnss_scan_done  gnss_scan.o
    0x08007d4c   0x08007d4c   0x00000084   Code   RO         6432    i.lr1110_modem_gnss_set_assistance_position  lr1110_modem_gnss.o
    0x08007dd0   0x08007dd0   0x00000026   Code   RO         6433    i.lr1110_modem_gnss_set_constellations_to_use  lr1110_modem_gnss.o
    0x08007df6   0x08007df6   0x00000108   Code   RO         6212    i.lr1110_modem_hal_read  lr1110_modem_hal.o
    0x08007efe   0x08007efe   0x00000002   PAD
    0x08007f00   0x08007f00   0x00000074   Code   RO         6213    i.lr1110_modem_hal_reset  lr1110_modem_hal.o
    0x08007f74   0x08007f74   0x00000034   Code   RO         6214    i.lr1110_modem_hal_wait_on_busy  lr1110_modem_hal.o
    0x08007fa8   0x08007fa8   0x00000034   Code   RO         6215    i.lr1110_modem_hal_wait_on_unbusy  lr1110_modem_hal.o
    0x08007fdc   0x08007fdc   0x00000030   Code   RO         6216    i.lr1110_modem_hal_wakeup  lr1110_modem_hal.o
    0x0800800c   0x0800800c   0x0000014a   Code   RO         6217    i.lr1110_modem_hal_write  lr1110_modem_hal.o
    0x08008156   0x08008156   0x00000022   Code   RO         6580    i.lr1110_modem_join  lr1110_modem_lorawan.o
    0x08008178   0x08008178   0x00000060   Code   RO           24    i.lr1110_modem_join_fail  main_tracker.o
    0x080081d8   0x080081d8   0x000000b0   Code   RO           25    i.lr1110_modem_mute  main_tracker.o
    0x08008288   0x08008288   0x00000018   Code   RO           26    i.lr1110_modem_network_joined  main_tracker.o
    0x080082a0   0x080082a0   0x00000064   Code   RO           27    i.lr1110_modem_new_link_adr  main_tracker.o
    0x08008304   0x08008304   0x00000060   Code   RO           28    i.lr1110_modem_no_event  main_tracker.o
    0x08008364   0x08008364   0x00000084   Code   RO           29    i.lr1110_modem_reset_event  main_tracker.o
    0x080083e8   0x080083e8   0x0000002e   Code   RO         6589    i.lr1110_modem_send_stream_data  lr1110_modem_lorawan.o
    0x08008416   0x08008416   0x00000034   Code   RO         6590    i.lr1110_modem_set_adr_profile  lr1110_modem_lorawan.o
    0x0800844a   0x0800844a   0x0000003c   Code   RO         6591    i.lr1110_modem_set_alarm_timer  lr1110_modem_lorawan.o
    0x08008486   0x08008486   0x00000028   Code   RO         6592    i.lr1110_modem_set_alc_sync_mode  lr1110_modem_lorawan.o
    0x080084ae   0x080084ae   0x00000028   Code   RO         6597    i.lr1110_modem_set_class  lr1110_modem_lorawan.o
    0x080084d6   0x080084d6   0x00000002   Code   RO           30    i.lr1110_modem_set_conf  main_tracker.o
    0x080084d8   0x080084d8   0x0000003a   Code   RO         6599    i.lr1110_modem_set_dev_eui  lr1110_modem_lorawan.o
    0x08008512   0x08008512   0x00000042   Code   RO         6600    i.lr1110_modem_set_dm_info_field  lr1110_modem_lorawan.o
    0x08008554   0x08008554   0x00000032   Code   RO         6601    i.lr1110_modem_set_dm_info_interval  lr1110_modem_lorawan.o
    0x08008586   0x08008586   0x0000003a   Code   RO         6604    i.lr1110_modem_set_join_eui  lr1110_modem_lorawan.o
    0x080085c0   0x080085c0   0x00000028   Code   RO         6605    i.lr1110_modem_set_region  lr1110_modem_lorawan.o
    0x080085e8   0x080085e8   0x00000028   Code   RO         6606    i.lr1110_modem_set_rf_output  lr1110_modem_lorawan.o
    0x08008610   0x08008610   0x00000084   Code   RO           31    i.lr1110_modem_stream_done  main_tracker.o
    0x08008694   0x08008694   0x0000002e   Code   RO         6608    i.lr1110_modem_stream_init  lr1110_modem_lorawan.o
    0x080086c2   0x080086c2   0x0000004e   Code   RO         6609    i.lr1110_modem_stream_status  lr1110_modem_lorawan.o
    0x08008710   0x08008710   0x00000056   Code   RO         7042    i.lr1110_modem_system_set_dio_as_rf_switch  lr1110_modem_system.o
    0x08008766   0x08008766   0x00000028   Code   RO         7043    i.lr1110_modem_system_set_reg_mode  lr1110_modem_system.o
    0x0800878e   0x0800878e   0x0000003c   Code   RO         7044    i.lr1110_modem_system_set_tcxo_mode  lr1110_modem_system.o
    0x080087ca   0x080087ca   0x00000002   PAD
    0x080087cc   0x080087cc   0x00000018   Code   RO           32    i.lr1110_modem_time_updated_alc_sync  main_tracker.o
    0x080087e4   0x080087e4   0x00000028   Code   RO         7102    i.lr1110_modem_wifi_cfg_hardware_debarker  lr1110_modem_wifi.o
    0x0800880c   0x0800880c   0x0000007a   Code   RO         7104    i.lr1110_modem_wifi_passive_scan  lr1110_modem_wifi.o
    0x08008886   0x08008886   0x00000022   Code   RO         7106    i.lr1110_modem_wifi_read_basic_results  lr1110_modem_wifi.o
    0x080088a8   0x080088a8   0x00000022   Code   RO         7107    i.lr1110_modem_wifi_read_complete_results  lr1110_modem_wifi.o
    0x080088ca   0x080088ca   0x000000ae   Code   RO         7108    i.lr1110_modem_wifi_read_cumulative_timing  lr1110_modem_wifi.o
    0x08008978   0x08008978   0x00000022   Code   RO         7110    i.lr1110_modem_wifi_reset_cumulative_timing  lr1110_modem_wifi.o
    0x0800899a   0x0800899a   0x00000002   PAD
    0x0800899c   0x0800899c   0x00000028   Code   RO         5961    i.lr1110_modem_wifi_scan_done  wifi_scan.o
    0x080089c4   0x080089c4   0x00000018   Code   RO         7113    i.lr1110_wifi_read_mac_address_from_buffer  lr1110_modem_wifi.o
    0x080089dc   0x080089dc   0x00000534   Code   RO           33    i.main              main_tracker.o
    0x08008f10   0x08008f10   0x00000002   Code   RO           34    i.modem_status_to_string  main_tracker.o
    0x08008f12   0x08008f12   0x00000002   PAD
    0x08008f14   0x08008f14   0x0000000c   Code   RO         6090    i.on_gnss_scan_timeout_event  gnss_scan.o
    0x08008f20   0x08008f20   0x00000018   Code   RO           35    i.on_led_rx_timer_event  main_tracker.o
    0x08008f38   0x08008f38   0x00000018   Code   RO           36    i.on_led_tx_timer_event  main_tracker.o
    0x08008f50   0x08008f50   0x0000000c   Code   RO         6218    i.on_lr1110_modem_reset_timeout_event  lr1110_modem_hal.o
    0x08008f5c   0x08008f5c   0x00000064   Code   RO         8019    i.on_soft_watchdog_event  smtc_hal_mcu.o
    0x08008fc0   0x08008fc0   0x0000000c   Code   RO         5962    i.on_wifi_scan_timeout_event  wifi_scan.o
    0x08008fcc   0x08008fcc   0x0000008c   Code   RO           37    i.parse_frame       main_tracker.o
    0x08009058   0x08009058   0x00000050   Code   RO           38    i.print_hex_buffer  main_tracker.o
    0x080090a8   0x080090a8   0x00000002   Code   RO         6160    i.radio_event_callback  lr1110.o
    0x080090aa   0x080090aa   0x00000002   PAD
    0x080090ac   0x080090ac   0x0000000c   Code   RO         6161    i.radio_event_init  lr1110.o
    0x080090b8   0x080090b8   0x00000028   Code   RO         7694    i.rand1             utilities.o
    0x080090e0   0x080090e0   0x0000001a   Code   RO         7695    i.randr             utilities.o
    0x080090fa   0x080090fa   0x00000002   PAD
    0x080090fc   0x080090fc   0x000000d8   Code   RO         8305    i.rtc_get_timestamp_in_ticks  smtc_hal_rtc.o
    0x080091d4   0x080091d4   0x00000020   Code   RO         8704    i.timer_exists      smtc_hal_tmr_list.o
    0x080091f4   0x080091f4   0x00000012   Code   RO         8706    i.timer_init        smtc_hal_tmr_list.o
    0x08009206   0x08009206   0x00000002   PAD
    0x08009208   0x08009208   0x00000020   Code   RO         8707    i.timer_insert_new_head_timer  smtc_hal_tmr_list.o
    0x08009228   0x08009228   0x00000034   Code   RO         8708    i.timer_insert_timer  smtc_hal_tmr_list.o
    0x0800925c   0x0800925c   0x000000bc   Code   RO         8709    i.timer_irq_handler  smtc_hal_tmr_list.o
    0x08009318   0x08009318   0x00000012   Code   RO         8711    i.timer_reset       smtc_hal_tmr_list.o
    0x0800932a   0x0800932a   0x0000002a   Code   RO         8713    i.timer_set_timeout  smtc_hal_tmr_list.o
    0x08009354   0x08009354   0x0000002c   Code   RO         8714    i.timer_set_value   smtc_hal_tmr_list.o
    0x08009380   0x08009380   0x00000070   Code   RO         8715    i.timer_start       smtc_hal_tmr_list.o
    0x080093f0   0x080093f0   0x000000b0   Code   RO         8716    i.timer_stop        smtc_hal_tmr_list.o
    0x080094a0   0x080094a0   0x000000b4   Code   RO         5928    i.tracker_init_app_ctx  tracker_utility.o
    0x08009554   0x08009554   0x00000060   Code   RO           40    i.tracker_run_gnss_scan  main_tracker.o
    0x080095b4   0x080095b4   0x00000040   Code   RO           41    i.tracker_run_wifi_scan  main_tracker.o
    0x080095f4   0x080095f4   0x00000010   Code   RO         7114    i.uint16_from_array  lr1110_modem_wifi.o
    0x08009604   0x08009604   0x00000074   Code   RO         7115    i.uint64_from_array  lr1110_modem_wifi.o
    0x08009678   0x08009678   0x0000002a   Code   RO         8020    i.vprint            smtc_hal_mcu.o
    0x080096a2   0x080096a2   0x0000009c   Code   RO         5963    i.wifi_add_basic_mac_to_results  wifi_scan.o
    0x0800973e   0x0800973e   0x000000b2   Code   RO         5964    i.wifi_add_complete_mac_to_results  wifi_scan.o
    0x080097f0   0x080097f0   0x0000004e   Code   RO         5965    i.wifi_compute_consumption  wifi_scan.o
    0x0800983e   0x0800983e   0x00000002   PAD
    0x08009840   0x08009840   0x00000068   Code   RO         5966    i.wifi_configure    wifi_scan.o
    0x080098a8   0x080098a8   0x0000017c   Code   RO         5967    i.wifi_execute_scan  wifi_scan.o
    0x08009a24   0x08009a24   0x00000044   Code   RO         5968    i.wifi_init         wifi_scan.o
    0x08009a68   0x08009a68   0x00000048   Data   RO         5096    .constdata          system_stm32l4xx.o
    0x08009ab0   0x08009ab0   0x00000044   Data   RO         7769    .constdata          smtc_hal_gpio.o
    0x08009af4   0x08009af4   0x0000003c   Data   RO         7910    .constdata          smtc_hal_i2c.o
    0x08009b30   0x08009b30   0x0000000e   Data   RO         8022    .constdata          smtc_hal_mcu.o
    0x08009b3e   0x08009b3e   0x00000018   Data   RO         8307    .constdata          smtc_hal_rtc.o
    0x08009b56   0x08009b56   0x00000002   PAD
    0x08009b58   0x08009b58   0x00000028   Data   RO         8465    .constdata          smtc_hal_spi.o
    0x08009b80   0x08009b80   0x0000003c   Data   RO         8599    .constdata          smtc_hal_uart.o
    0x08009bbc   0x08009bbc   0x0000000c   Data   RO         8819    .constdata          mc_w.l(localtime.o)
    0x08009bc8   0x08009bc8   0x00000020   Data   RO         8909    Region$$Table       anon$$obj.o


    Execution Region RW_IRAM1 (Exec base: 0x20000000, Load base: 0x08009be8, Size: 0x00001dd8, Max: 0x00018000, ABSOLUTE, COMPRESSED[0x0000005c])

    Exec Addr    Load Addr    Size         Type   Attr      Idx    E Section Name        Object

    0x20000000   COMPRESSED   0x0000001d   Data   RW           43    .data               main_tracker.o
    0x2000001d   COMPRESSED   0x00000003   PAD
    0x20000020   COMPRESSED   0x0000000c   Data   RW         3020    .data               stm32l4xx_hal.o
    0x2000002c   COMPRESSED   0x00000004   Data   RW         5097    .data               system_stm32l4xx.o
    0x20000030   COMPRESSED   0x00000014   Data   RW         5244    .data               lis2de12.o
    0x20000044   COMPRESSED   0x00000001   Data   RW         5970    .data               wifi_scan.o
    0x20000045   COMPRESSED   0x00000002   Data   RW         6092    .data               gnss_scan.o
    0x20000047   COMPRESSED   0x00000001   PAD
    0x20000048   COMPRESSED   0x00000004   Data   RW         6162    .data               lr1110.o
    0x2000004c   COMPRESSED   0x00000001   Data   RW         6220    .data               lr1110_modem_hal.o
    0x2000004d   COMPRESSED   0x00000001   Data   RW         7586    .data               lr1110-modem-board.o
    0x2000004e   COMPRESSED   0x00000002   PAD
    0x20000050   COMPRESSED   0x00000004   Data   RW         7697    .data               utilities.o
    0x20000054   COMPRESSED   0x000000fd   Data   RW         7911    .data               smtc_hal_i2c.o
    0x20000151   COMPRESSED   0x00000003   Data   RW         8023    .data               smtc_hal_mcu.o
    0x20000154   COMPRESSED   0x000000e0   Data   RW         8466    .data               smtc_hal_spi.o
    0x20000234   COMPRESSED   0x00000008   Data   RW         8524    .data               smtc_hal_tmr.o
    0x2000023c   COMPRESSED   0x00000199   Data   RW         8600    .data               smtc_hal_uart.o
    0x200003d5   COMPRESSED   0x00000003   PAD
    0x200003d8   COMPRESSED   0x00000004   Data   RW         8718    .data               smtc_hal_tmr_list.o
    0x200003dc        -       0x00000030   Zero   RW           42    .bss                main_tracker.o
    0x2000040c        -       0x0000000c   Zero   RW         5243    .bss                lis2de12.o
    0x20000418        -       0x000008d0   Zero   RW         5929    .bss                tracker_utility.o
    0x20000ce8        -       0x00000578   Zero   RW         5969    .bss                wifi_scan.o
    0x20001260        -       0x00000178   Zero   RW         6091    .bss                gnss_scan.o
    0x200013d8        -       0x00000018   Zero   RW         6219    .bss                lr1110_modem_hal.o
    0x200013f0        -       0x00000040   Zero   RW         7768    .bss                smtc_hal_gpio.o
    0x20001430        -       0x000000d8   Zero   RW         8021    .bss                smtc_hal_mcu.o
    0x20001508        -       0x00000068   Zero   RW         8306    .bss                smtc_hal_rtc.o
    0x20001570        -       0x00000038   Zero   RW         8523    .bss                smtc_hal_tmr.o
    0x200015a8        -       0x0000002c   Zero   RW         8818    .bss                mc_w.l(localtime.o)
    0x200015d4   COMPRESSED   0x00000004   PAD
    0x200015d8        -       0x00000800   Zero   RW            1    STACK               startup_stm32l476xx.o


==============================================================================

Image component sizes


      Code (inc. data)   RO Data    RW Data    ZI Data      Debug   Object Name

        62          0          0          0          0       2503   external_supply.o
       468         50          0          2        376       9663   gnss_scan.o
       166          0          0          0          0       3112   leds.o
      1420         56          0         20         12      31556   lis2de12.o
       468         30          0          1          0      18710   lr1110-modem-board.o
       698         18          0          4          0       3372   lr1110.o
       464         12          0          0          0      10229   lr1110_modem_gnss.o
       930         44          0          1         24       8580   lr1110_modem_hal.o
      1560          0          0          0          0      30104   lr1110_modem_lorawan.o
       186          0          0          0          0       4066   lr1110_modem_system.o
       838         14          0          0          0      13124   lr1110_modem_wifi.o
      4314       1272          0         29         48     898563   main_tracker.o
       996         70         68          0         64      11749   smtc_hal_gpio.o
      1188         52         60        253          0       7363   smtc_hal_i2c.o
      1786        300         14          3        216      48686   smtc_hal_mcu.o
      1172        102         24          0        104      12431   smtc_hal_rtc.o
       848         34         40        224          0      12759   smtc_hal_spi.o
       180         32          0          8         56       2667   smtc_hal_tmr.o
       714         32          0          4          0       7892   smtc_hal_tmr_list.o
       928         54         60        409          0       6523   smtc_hal_uart.o
        36          8        392          0       2048        876   startup_stm32l476xx.o
       254         50          0         12          0       6441   stm32l4xx_hal.o
       360         22          0          0          0      36549   stm32l4xx_hal_cortex.o
        92          0          0          0          0       1255   stm32l4xx_hal_dma.o
         0          0          0          0          0       5160   stm32l4xx_hal_flash.o
       894         72          0          0          0       4836   stm32l4xx_hal_gpio.o
      1854         34          0          0          0      12675   stm32l4xx_hal_i2c.o
       210          0          0          0          0       2191   stm32l4xx_hal_i2c_ex.o
       940         18          0          0          0       8465   stm32l4xx_hal_lptim.o
       204         14          0          0          0       1968   stm32l4xx_hal_pwr.o
        80         16          0          0          0       1263   stm32l4xx_hal_pwr_ex.o
      2532        108          0          0          0       7692   stm32l4xx_hal_rcc.o
      1988         48          0          0          0       4212   stm32l4xx_hal_rcc_ex.o
      1874         40          0          0          0      10749   stm32l4xx_hal_rtc.o
       146          4          0          0          0       3138   stm32l4xx_hal_rtc_ex.o
       246          0          0          0          0       2136   stm32l4xx_hal_spi.o
      2514         56          0          0          0      11516   stm32l4xx_hal_uart.o
         2          0          0          0          0       1156   stm32l4xx_hal_uart_ex.o
        80         12         72          4          0       1517   system_stm32l4xx.o
       180         16          0          0       2256       1650   tracker_utility.o
        66          8          0          4          0       1344   utilities.o
      1016         44          0          1       1400      16968   wifi_scan.o

    ----------------------------------------------------------------------
     35030       2742        764        988       6604    1287409   Object Totals
         0          0         32          0          0          0   (incl. Generated)
        76          0          2          9          0          0   (incl. Padding)

    ----------------------------------------------------------------------

      Code (inc. data)   RO Data    RW Data    ZI Data      Debug   Library Member Name

        86          0          0          0          0          0   __dczerorl2.o
         0          0          0          0          0          0   entry.o
         0          0          0          0          0          0   entry10a.o
         0          0          0          0          0          0   entry11a.o
         8          4          0          0          0          0   entry2.o
         4          0          0          0          0          0   entry5.o
         0          0          0          0          0          0   entry7b.o
         0          0          0          0          0          0   entry8b.o
         8          4          0          0          0          0   entry9a.o
        30          0          0          0          0          0   handlers.o
        36          8          0          0          0         68   init.o
         0          0          0          0          0          0   iusefp.o
        30          0          0          0          0         68   llshl.o
        36          0          0          0          0         68   llsshr.o
        32          0          0          0          0         68   llushr.o
       148         10         12          0         44         76   localtime.o
        36          0          0          0          0         68   memcpya.o
        36          0          0          0          0        108   memseta.o
      2284         86          0          0          0        516   printfa.o
        14          0          0          0          0         68   strlen.o
        44          0          0          0          0         80   uidiv.o
       104          0          0          0          0         92   uldiv.o
        48          0          0          0          0         68   cdrcmple.o
       350          0          0          0          0        148   dadd.o
       222          0          0          0          0        100   ddiv.o
       186          0          0          0          0        176   depilogue.o
        50          0          0          0          0         76   dfixui.o
        48          0          0          0          0         68   dfixul.o
        26          0          0          0          0         76   dfltui.o
       234          0          0          0          0         96   dmul.o

    ----------------------------------------------------------------------
      4106        112         12          0         48       2088   Library Totals
         6          0          0          0          4          0   (incl. Padding)

    ----------------------------------------------------------------------

      Code (inc. data)   RO Data    RW Data    ZI Data      Debug   Library Name

      2936        112         12          0         44       1280   mc_w.l
      1164          0          0          0          0        808   mf_w.l

    ----------------------------------------------------------------------
      4106        112         12          0         48       2088   Library Totals

    ----------------------------------------------------------------------

==============================================================================


      Code (inc. data)   RO Data    RW Data    ZI Data      Debug   

     39136       2854        776        988       6652    1254789   Grand Totals
     39136       2854        776         92       6652    1254789   ELF Image Totals (compressed)
     39136       2854        776         92          0          0   ROM Totals

==============================================================================

    Total RO  Size (Code + RO Data)                39912 (  38.98kB)
    Total RW  Size (RW Data + ZI Data)              7640 (   7.46kB)
    Total ROM Size (Code + RO Data + RW Data)      40004 (  39.07kB)

==============================================================================

